\BOOKMARK [0][-]{chapter.1}{\376\377\000G\000I\036\332\000I\000\040\000T\000H\000I\036\306\000U\000\040\001\020\036\300\000\040\000T\000\300\000I}{}% 1
\BOOKMARK [1][-]{section.1.1}{\376\377\001\020\036\267\000t\000\040\000v\036\245\000n\000\040\001\021\036\301}{chapter.1}% 2
\BOOKMARK [1][-]{section.1.2}{\376\377\000M\036\345\000c\000\040\000t\000i\000\352\000u\000\040\000v\000\340\000\040\000p\000h\036\241\000m\000\040\000v\000i\000\040\001\021\036\301\000\040\000t\000\340\000i}{chapter.1}% 3
\BOOKMARK [1][-]{section.1.3}{\376\377\001\020\036\313\000n\000h\000\040\000h\001\260\036\333\000n\000g\000\040\000g\000i\036\243\000i\000\040\000p\000h\000\341\000p}{chapter.1}% 4
\BOOKMARK [1][-]{section.1.4}{\376\377\000B\036\321\000\040\000c\036\345\000c\000\040\001\021\036\323\000\040\000\341\000n}{chapter.1}% 5
\BOOKMARK [0][-]{chapter.2}{\376\377\000K\000H\036\242\000O\000\040\000S\000\301\000T\000\040\000V\000\300\000\040\000P\000H\000\302\000N\000\040\000T\000\315\000C\000H\000\040\000Y\000\312\000U\000\040\000C\036\246\000U}{}% 6
\BOOKMARK [1][-]{section.2.1}{\376\377\000K\000h\036\243\000o\000\040\000s\000\341\000t\000\040\000h\000i\036\307\000n\000\040\000t\000r\036\241\000n\000g}{chapter.2}% 7
\BOOKMARK [1][-]{section.2.2}{\376\377\000T\036\325\000n\000g\000\040\000q\000u\000a\000n\000\040\000c\000h\036\351\000c\000\040\000n\001\003\000n\000g}{chapter.2}% 8
\BOOKMARK [2][-]{subsection.2.2.1}{\376\377\000B\000i\036\303\000u\000\040\001\021\036\323\000\040\000u\000s\000e\000\040\000c\000a\000s\000e\000\040\000t\036\325\000n\000g\000\040\000q\000u\000\341\000t}{section.2.2}% 9
\BOOKMARK [2][-]{subsection.2.2.2}{\376\377\000B\000i\036\303\000u\000\040\001\021\036\323\000\040\000u\000s\000e\000\040\000c\000a\000s\000e\000\040\000p\000h\000\342\000n\000\040\000r\000\343\000\040\000X\000\341\000c\000\040\000t\000h\036\361\000c}{section.2.2}% 10
\BOOKMARK [2][-]{subsection.2.2.3}{\376\377\000B\000i\036\303\000u\000\040\001\021\036\323\000\040\000u\000s\000e\000\040\000c\000a\000s\000e\000\040\000p\000h\000\342\000n\000\040\000r\000\343\000\040\000Q\000u\036\243\000n\000\040\000l\000\375\000\040\000h\036\323\000\040\000s\001\241\000\040\000t\000r\036\273\000\040\000e\000m}{section.2.2}% 11
\BOOKMARK [2][-]{subsection.2.2.4}{\376\377\000B\000i\036\303\000u\000\040\001\021\036\323\000\040\000u\000s\000e\000\040\000c\000a\000s\000e\000\040\000p\000h\000\342\000n\000\040\000r\000\343\000\040\001\020\036\267\000t\000\040\000c\000h\000u\000y\036\277\000n\000\040\000v\000\340\000\040\000l\000\352\000n\000\040\000l\036\313\000c\000h}{section.2.2}% 12
\BOOKMARK [2][-]{subsection.2.2.5}{\376\377\000B\000i\036\303\000u\000\040\001\021\036\323\000\040\000u\000s\000e\000\040\000c\000a\000s\000e\000\040\000p\000h\000\342\000n\000\040\000r\000\343\000\040\000N\000h\036\255\000n\000\040\000v\000\340\000\040\000t\000h\036\361\000c\000\040\000h\000i\036\307\000n\000\040\000c\000h\000u\000y\036\277\000n}{section.2.2}% 13
\BOOKMARK [2][-]{subsection.2.2.6}{\376\377\000B\000i\036\303\000u\000\040\001\021\036\323\000\040\000u\000s\000e\000\040\000c\000a\000s\000e\000\040\000p\000h\000\342\000n\000\040\000r\000\343\000\040\000X\000\341\000c\000\040\000t\000h\036\361\000c\000\040\000a\000n\000\040\000t\000o\000\340\000n}{section.2.2}% 14
\BOOKMARK [1][-]{section.2.3}{\376\377\001\020\036\267\000c\000\040\000t\036\243\000\040\000c\000h\036\351\000c\000\040\000n\001\003\000n\000g}{chapter.2}% 15
\BOOKMARK [2][-]{subsection.2.3.1}{\376\377\001\020\036\267\000c\000\040\000t\036\243\000\040\000u\000s\000e\000\040\000c\000a\000s\000e\000\040\001\020\036\267\000t\000\040\000c\000h\000u\000y\036\277\000n\000\040\001\021\000i}{section.2.3}% 16
\BOOKMARK [2][-]{subsection.2.3.2}{\376\377\001\020\036\267\000c\000\040\000t\036\243\000\040\000u\000s\000e\000\040\000c\000a\000s\000e\000\040\000N\000h\036\255\000n\000\040\000v\000\340\000\040\000t\000h\036\361\000c\000\040\000h\000i\036\307\000n\000\040\000c\000h\000u\000y\036\277\000n\000\040\000x\000e}{section.2.3}% 17
\BOOKMARK [2][-]{subsection.2.3.3}{\376\377\001\020\036\267\000c\000\040\000t\036\243\000\040\000u\000s\000e\000\040\000c\000a\000s\000e\000\040\000X\000\341\000c\000\040\000t\000h\036\361\000c\000\040\000a\000n\000\040\000t\000o\000\340\000n\000\040\000\050\000L\000\352\000n\000/\000X\000u\036\321\000n\000g\000\040\000x\000e\000\051}{section.2.3}% 18
\BOOKMARK [2][-]{subsection.2.3.4}{\376\377\001\020\036\267\000c\000\040\000t\036\243\000\040\000u\000s\000e\000\040\000c\000a\000s\000e\000\040\000G\000i\000\341\000m\000\040\000s\000\341\000t\000\040\000h\000\340\000n\000h\000\040\000t\000r\000\354\000n\000h\000\040\000\050\000R\000e\000a\000l\000-\000t\000i\000m\000e\000\040\000t\000r\000a\000c\000k\000i\000n\000g\000\051}{section.2.3}% 19
\BOOKMARK [1][-]{section.2.4}{\376\377\000Y\000\352\000u\000\040\000c\036\247\000u\000\040\000p\000h\000i\000\040\000c\000h\036\351\000c\000\040\000n\001\003\000n\000g}{chapter.2}% 20
\BOOKMARK [0][-]{chapter.3}{\376\377\000N\036\300\000N\000\040\000T\036\242\000N\000G\000\040\000L\000\335\000\040\000T\000H\000U\000Y\036\276\000T\000\040\000V\000\300\000\040\000C\000\324\000N\000G\000\040\000N\000G\000H\036\306\000\040\000S\036\354\000\040\000D\036\344\000N\000G}{}% 21
\BOOKMARK [1][-]{section.3.1}{\376\377\000N\036\301\000n\000\040\000t\036\243\000n\000g\000\040\000l\000\375\000\040\000t\000h\000u\000y\036\277\000t}{chapter.3}% 22
\BOOKMARK [2][-]{subsection.3.1.1}{\376\377\000K\000i\036\277\000n\000\040\000t\000r\000\372\000c\000\040\000R\000E\000S\000T\000f\000u\000l\000\040\000A\000P\000I}{section.3.1}% 23
\BOOKMARK [2][-]{subsection.3.1.2}{\376\377\000C\000\364\000n\000g\000\040\000n\000g\000h\036\307\000\040\000g\000i\000a\000o\000\040\000t\000i\036\277\000p\000\040\000t\000h\036\335\000i\000\040\000g\000i\000a\000n\000\040\000t\000h\036\361\000c\000\040\000\050\000W\000e\000b\000S\000o\000c\000k\000e\000t\000s\000\051}{section.3.1}% 24
\BOOKMARK [1][-]{section.3.2}{\376\377\000C\000\364\000n\000g\000\040\000n\000g\000h\036\307\000\040\000p\000h\000\341\000t\000\040\000t\000r\000i\036\303\000n\000\040\000p\000h\000\355\000a\000\040\000m\000\341\000y\000\040\000c\000h\036\347\000\040\000\050\000B\000a\000c\000k\000e\000n\000d\000\051}{chapter.3}% 25
\BOOKMARK [2][-]{subsection.3.2.1}{\376\377\000N\000o\000d\000e\000.\000j\000s\000\040\000v\000\340\000\040\000E\000x\000p\000r\000e\000s\000s\000.\000j\000s}{section.3.2}% 26
\BOOKMARK [2][-]{subsection.3.2.2}{\376\377\000C\001\241\000\040\000s\036\337\000\040\000d\036\357\000\040\000l\000i\036\307\000u\000\040\000M\000o\000n\000g\000o\000D\000B}{section.3.2}% 27
\BOOKMARK [2][-]{subsection.3.2.3}{\376\377\000S\000o\000c\000k\000e\000t\000.\000I\000O}{section.3.2}% 28
\BOOKMARK [1][-]{section.3.3}{\376\377\000C\000\364\000n\000g\000\040\000n\000g\000h\036\307\000\040\000p\000h\000\341\000t\000\040\000t\000r\000i\036\303\000n\000\040\000p\000h\000\355\000a\000\040\000m\000\341\000y\000\040\000k\000h\000\341\000c\000h\000\040\000\050\000F\000r\000o\000n\000t\000e\000n\000d\000\051}{chapter.3}% 29
\BOOKMARK [2][-]{subsection.3.3.1}{\376\377\000T\000h\001\260\000\040\000v\000i\036\307\000n\000\040\000R\000e\000a\000c\000t\000\040\000v\000\340\000\040\000C\000\364\000n\000g\000\040\000c\036\345\000\040\000V\000i\000t\000e}{section.3.3}% 30
\BOOKMARK [2][-]{subsection.3.3.2}{\376\377\000Q\000u\036\243\000n\000\040\000l\000\375\000\040\000t\000r\036\241\000n\000g\000\040\000t\000h\000\341\000i\000\040\000\050\000S\000t\000a\000t\000e\000\040\000M\000a\000n\000a\000g\000e\000m\000e\000n\000t\000\051\000\040\000v\036\333\000i\000\040\000Z\000u\000s\000t\000a\000n\000d}{section.3.3}% 31
\BOOKMARK [2][-]{subsection.3.3.3}{\376\377\000T\000h\001\260\000\040\000v\000i\036\307\000n\000\040\000b\036\243\000n\000\040\001\021\036\323\000\040\000L\000e\000a\000f\000l\000e\000t}{section.3.3}% 32
\BOOKMARK [0][-]{chapter.4}{\376\377\000P\000H\000\302\000N\000\040\000T\000\315\000C\000H\000\040\000T\000H\000I\036\276\000T\000\040\000K\036\276\000,\000\040\000T\000R\000I\036\302\000N\000\040\000K\000H\000A\000I\000\040\000V\000\300\000\040\001\020\000\301\000N\000H\000\040\000G\000I\000\301\000\040\000H\036\306\000\040\000T\000H\036\320\000N\000G}{}% 33
\BOOKMARK [1][-]{section.4.1}{\376\377\000T\000h\000i\036\277\000t\000\040\000k\036\277\000\040\000k\000i\036\277\000n\000\040\000t\000r\000\372\000c}{chapter.4}% 34
\BOOKMARK [2][-]{subsection.4.1.1}{\376\377\000L\036\361\000a\000\040\000c\000h\036\315\000n\000\040\000k\000i\036\277\000n\000\040\000t\000r\000\372\000c\000\040\000p\000h\036\247\000n\000\040\000m\036\301\000m}{section.4.1}% 35
\BOOKMARK [2][-]{subsection.4.1.2}{\376\377\000T\000h\000i\036\277\000t\000\040\000k\036\277\000\040\000t\036\325\000n\000g\000\040\000q\000u\000a\000n}{section.4.1}% 36
\BOOKMARK [2][-]{subsection.4.1.3}{\376\377\000T\000h\000i\036\277\000t\000\040\000k\036\277\000\040\000c\000h\000i\000\040\000t\000i\036\277\000t\000\040\000g\000\363\000i}{section.4.1}% 37
\BOOKMARK [1][-]{section.4.2}{\376\377\000T\000h\000i\036\277\000t\000\040\000k\036\277\000\040\000c\000h\000i\000\040\000t\000i\036\277\000t}{chapter.4}% 38
\BOOKMARK [2][-]{subsection.4.2.1}{\376\377\000T\000h\000i\036\277\000t\000\040\000k\036\277\000\040\000g\000i\000a\000o\000\040\000d\000i\036\307\000n}{section.4.2}% 39
\BOOKMARK [2][-]{subsection.4.2.2}{\376\377\000T\000h\000i\036\277\000t\000\040\000k\036\277\000\040\000l\036\333\000p}{section.4.2}% 40
\BOOKMARK [2][-]{subsection.4.2.3}{\376\377\000T\000h\000i\036\277\000t\000\040\000k\036\277\000\040\000c\001\241\000\040\000s\036\337\000\040\000d\036\357\000\040\000l\000i\036\307\000u}{section.4.2}% 41
\BOOKMARK [1][-]{section.4.3}{\376\377\000X\000\342\000y\000\040\000d\036\361\000n\000g\000\040\036\351\000n\000g\000\040\000d\036\345\000n\000g}{chapter.4}% 42
\BOOKMARK [2][-]{subsection.4.3.1}{\376\377\000T\000h\001\260\000\040\000v\000i\036\307\000n\000\040\000v\000\340\000\040\000c\000\364\000n\000g\000\040\000c\036\345\000\040\000s\036\355\000\040\000d\036\345\000n\000g}{section.4.3}% 43
\BOOKMARK [2][-]{subsection.4.3.2}{\376\377\000K\036\277\000t\000\040\000q\000u\036\243\000\040\001\021\036\241\000t\000\040\001\021\001\260\036\343\000c}{section.4.3}% 44
\BOOKMARK [2][-]{subsection.4.3.3}{\376\377\000M\000i\000n\000h\000\040\000h\036\315\000a\000\040\000c\000\341\000c\000\040\000c\000h\036\351\000c\000\040\000n\001\003\000n\000g\000\040\000c\000h\000\355\000n\000h}{section.4.3}% 45
\BOOKMARK [1][-]{section.4.4}{\376\377\000K\000i\036\303\000m\000\040\000t\000h\036\355}{chapter.4}% 46
\BOOKMARK [1][-]{section.4.5}{\376\377\000T\000r\000i\036\303\000n\000\040\000k\000h\000a\000i}{chapter.4}% 47
\BOOKMARK [0][-]{chapter.5}{\376\377\000C\000\301\000C\000\040\000G\000I\036\242\000I\000\040\000P\000H\000\301\000P\000\040\000V\000\300\000\040\001\020\000\323\000N\000G\000\040\000G\000\323\000P\000\040\000N\036\324\000I\000\040\000B\036\254\000T}{}% 48
\BOOKMARK [0][-]{chapter.6}{\376\377\000K\036\276\000T\000\040\000L\000U\036\254\000N\000\040\000V\000\300\000\040\000H\001\257\036\332\000N\000G\000\040\000P\000H\000\301\000T\000\040\000T\000R\000I\036\302\000N}{}% 49
\BOOKMARK [1][-]{section.6.1}{\376\377\000K\036\277\000t\000\040\000l\000u\036\255\000n}{chapter.6}% 50
\BOOKMARK [1][-]{section.6.2}{\376\377\000H\001\260\036\333\000n\000g\000\040\000p\000h\000\341\000t\000\040\000t\000r\000i\036\303\000n}{chapter.6}% 51
\BOOKMARK [0][-]{section*.38}{\376\377\000T\000\300\000I\000\040\000L\000I\036\306\000U\000\040\000T\000H\000A\000M\000\040\000K\000H\036\242\000O}{}% 52
\BOOKMARK [0][-]{section*.39}{\376\377\000P\000H\036\344\000\040\000L\036\344\000C}{}% 53
\BOOKMARK [0][-]{appendix.1.A}{\376\377\000H\001\257\036\332\000N\000G\000\040\000D\036\252\000N\000\040\000V\000I\036\276\000T\000\040\001\020\036\322\000\040\000\301\000N\000\040\000T\036\320\000T\000\040\000N\000G\000H\000I\036\306\000P}{}% 54
\BOOKMARK [1][-]{section.1.A.1}{\376\377\000N\000g\000\340\000n\000h\000\040\000h\036\315\000c}{appendix.1.A}% 55
\BOOKMARK [1][-]{section.1.A.2}{\376\377\001\020\000\341\000n\000h\000\040\000d\036\245\000u\000\040\000\050\000b\000u\000l\000l\000e\000t\000\051\000\040\000v\000\340\000\040\001\021\000\341\000n\000h\000\040\000s\036\321\000\040\000\050\000n\000u\000m\000e\000r\000i\000n\000g\000\051}{appendix.1.A}% 56
\BOOKMARK [1][-]{section.1.A.3}{\376\377\000C\000\341\000c\000h\000\040\000t\000h\000\352\000m\000\040\000b\036\243\000n\000g}{appendix.1.A}% 57
\BOOKMARK [1][-]{section.1.A.4}{\376\377\000C\000h\000\350\000n\000\040\000h\000\354\000n\000h\000\040\036\243\000n\000h}{appendix.1.A}% 58
\BOOKMARK [1][-]{section.1.A.5}{\376\377\000T\000\340\000i\000\040\000l\000i\036\307\000u\000\040\000t\000h\000a\000m\000\040\000k\000h\036\243\000o}{appendix.1.A}% 59
\BOOKMARK [1][-]{section.1.A.6}{\376\377\000C\000\341\000c\000h\000\040\000v\000i\036\277\000t\000\040\000p\000h\001\260\001\241\000n\000g\000\040\000t\000r\000\354\000n\000h\000\040\000v\000\340\000\040\000c\000\364\000n\000g\000\040\000t\000h\036\351\000c\000\040\000t\000o\000\341\000n\000\040\000h\036\315\000c}{appendix.1.A}% 60
\BOOKMARK [1][-]{section.1.A.7}{\376\377\000Q\000u\000i\000\040\000c\000\341\000c\000h\000\040\001\021\000\363\000n\000g\000\040\000q\000u\000y\036\303\000n}{appendix.1.A}% 61
\BOOKMARK [0][-]{appendix.1.B}{\376\377\001\020\036\266\000C\000\040\000T\036\242\000\040\000U\000S\000E\000\040\000C\000A\000S\000E}{}% 62
\BOOKMARK [1][-]{section.1.B.1}{\376\377\001\020\036\267\000c\000\040\000t\036\243\000\040\000u\000s\000e\000\040\000c\000a\000s\000e\000\040\000`\000`\000T\000h\036\321\000n\000g\000\040\000k\000\352\000\040\000t\000\354\000n\000h\000\040\000h\000\354\000n\000h\000\040\000m\001\260\036\343\000n\000\040\000s\000\341\000c\000h\000'\000'}{appendix.1.B}% 63
\BOOKMARK [1][-]{section.1.B.2}{\376\377\001\020\036\267\000c\000\040\000t\036\243\000\040\000u\000s\000e\000\040\000c\000a\000s\000e\000\040\000`\000`\001\020\001\003\000n\000g\000\040\000k\000\375\000\040\000l\000\340\000m\000\040\000t\000h\036\273\000\040\000m\001\260\036\343\000n\000'\000'}{appendix.1.B}% 64
