This is XeTeX, Version 3.141592653-2.6-0.999997 (MiKTeX 25.12) (preloaded format=xelatex 2026.6.24)  29 JUN 2026 11:44
entering extended mode
 restricted \write18 enabled.
 file:line:error style messages enabled.
 %&-line parsing enabled.
**d:/FileStudy/KidGo/docs/SOICT_DATN_Application_VIE_Template/DoAn.tex
(d:/FileStudy/KidGo/docs/SOICT_DATN_Application_VIE_Template/DoAn.tex
LaTeX2e <2025-11-01>
L3 programming layer <2025-12-24>
(C:\Users\Admin\AppData\Local\Programs\MiKTeX\tex/latex/base\report.cls
Document Class: report 2025/01/22 v1.4n Standard LaTeX document class
(C:\Users\Admin\AppData\Local\Programs\MiKTeX\tex/latex/base\size10.clo
File: size10.clo 2025/01/22 v1.4n Standard LaTeX file (size option)
)
\c@part=\count271
\c@chapter=\count272
\c@section=\count273
\c@subsection=\count274
\c@subsubsection=\count275
\c@paragraph=\count276
\c@subparagraph=\count277
\c@figure=\count278
\c@table=\count279
\abovecaptionskip=\skip49
\belowcaptionskip=\skip50
\bibindent=\dimen148
) (C:\Users\Admin\AppData\Local\Programs\MiKTeX\tex/latex/koma-script\scrextend.sty
Package: scrextend 2026/02/02 v3.49.2 KOMA-Script package (extend other classes with features of KOMA-Script classes)
 (C:\Users\Admin\AppData\Local\Programs\MiKTeX\tex/latex/koma-script\scrkbase.sty
Package: scrkbase 2026/02/02 v3.49.2 KOMA-Script package (KOMA-Script-dependent basics and keyval usage)
 (C:\Users\Admin\AppData\Local\Programs\MiKTeX\tex/latex/koma-script\scrbase.sty
Package: scrbase 2026/02/02 v3.49.2 KOMA-Script package (KOMA-Script-independent basics and keyval usage)
 (C:\Users\Admin\AppData\Local\Programs\MiKTeX\tex/latex/koma-script\scrlfile.sty
Package: scrlfile 2026/02/02 v3.49.2 KOMA-Script package (file load hooks)
 (C:\Users\Admin\AppData\Local\Programs\MiKTeX\tex/latex/koma-script\scrlfile-hook.sty
Package: scrlfile-hook 2026/02/02 v3.49.2 KOMA-Script package (using LaTeX hooks)
 (C:\Users\Admin\AppData\Local\Programs\MiKTeX\tex/latex/koma-script\scrlogo.sty
Package: scrlogo 2026/02/02 v3.49.2 KOMA-Script package (logo)
))) (C:\Users\Admin\AppData\Local\Programs\MiKTeX\tex/latex/graphics\keyval.sty
Package: keyval 2022/05/29 v1.15 key=value parser (DPC)
\KV@toks@=\toks17
)
Applying: [2021/05/01] Usage of raw or classic option list on input line 254.
Already applied: [0000/00/00] Usage of raw or classic option list on input line 370.
))) (C:\Users\Admin\AppData\Local\Programs\MiKTeX\tex/latex/fontspec\fontspec.sty (C:\Users\Admin\AppData\Local\Programs\MiKTeX\tex/latex/l3packages/xparse\xparse.sty (C:\Users\Admin\AppData\Local\Programs\MiKTeX\tex/latex/l3kernel\expl3.sty
Package: expl3 2025-12-24 L3 programming layer (loader) 
 (C:\Users\Admin\AppData\Local\Programs\MiKTeX\tex/latex/l3backend\l3backend-xetex.def
File: l3backend-xetex.def 2025-10-09 L3 backend support: XeTeX
\g__graphics_track_int=\count280
\g__pdfannot_backend_int=\count281
\g__pdfannot_backend_link_int=\count282
))
Package: xparse 2025-10-09 L3 Experimental document command parser
)
Package: fontspec 2025/09/29 v2.9g Font selection for XeLaTeX and LuaLaTeX
 (C:\Users\Admin\AppData\Local\Programs\MiKTeX\tex/latex/fontspec\fontspec-xetex.sty
Package: fontspec-xetex 2025/09/29 v2.9g Font selection for XeLaTeX and LuaLaTeX
\l__fontspec_script_int=\count283
\l__fontspec_language_int=\count284
\l__fontspec_strnum_int=\count285
\l__fontspec_tmp_int=\count286
\l__fontspec_tmpa_int=\count287
\l__fontspec_tmpb_int=\count288
\l__fontspec_tmpc_int=\count289
\l__fontspec_em_int=\count290
\l__fontspec_emdef_int=\count291
\l__fontspec_strong_int=\count292
\l__fontspec_strongdef_int=\count293
\l__fontspec_tmpa_dim=\dimen149
\l__fontspec_tmpb_dim=\dimen150
\l__fontspec_tmpc_dim=\dimen151
 (C:\Users\Admin\AppData\Local\Programs\MiKTeX\tex/latex/base\fontenc.sty
Package: fontenc 2025/07/18 v2.1d Standard LaTeX package
) (C:\Users\Admin\AppData\Local\Programs\MiKTeX\tex/latex/fontspec\fontspec.cfg))) (C:\Users\Admin\AppData\Local\Programs\MiKTeX\tex/latex/polyglossia\polyglossia.sty
Package: polyglossia 2026/04/18 v2.10 Modern multilingual typesetting with XeLaTeX and LuaLaTeX
 (C:\Users\Admin\AppData\Local\Programs\MiKTeX\tex/latex/etoolbox\etoolbox.sty
Package: etoolbox 2025/10/02 v2.5m e-TeX tools for LaTeX (JAW)
\etb@tempcnta=\count294
) (C:\Users\Admin\AppData\Local\Programs\MiKTeX\tex/generic/iftex\iftex.sty
Package: iftex 2024/12/12 v1.0g TeX engine tests
)
\l_xpg_alias_keyvals_int=\count295
 (C:\Users\Admin\AppData\Local\Programs\MiKTeX\tex/latex/polyglossia\gloss-latex.ldf
File: gloss-latex.ldf polyglossia: module for default language
)) (C:\Users\Admin\AppData\Local\Programs\MiKTeX\tex/latex/polyglossia\gloss-vietnamese.ldf
File: gloss-vietnamese.ldf polyglossia: module for Vietnamese
)

Package polyglossia Info: Default language is vietnamese


Package fontspec Info: 
(fontspec)             Font family 'TimesNewRoman(0)' created for font 'Times
(fontspec)             New Roman' with options [Ligatures=TeX].
(fontspec)              
(fontspec)              This font family consists of the following NFSS
(fontspec)             series/shapes:
(fontspec)              
(fontspec)             - 'normal' (m/n) with NFSS spec.: <->"Times New
(fontspec)             Roman/OT:script=latn;language=dflt;mapping=tex-text;"
(fontspec)             - 'small caps'  (m/sc) with NFSS spec.: <->"Times New
(fontspec)             Roman/OT:script=latn;language=dflt;+smcp;mapping=tex-text;"
(fontspec)             - 'bold' (b/n) with NFSS spec.: <->"Times New
(fontspec)             Roman/B/OT:script=latn;language=dflt;mapping=tex-text;"
(fontspec)             - 'italic' (m/it) with NFSS spec.: <->"Times New
(fontspec)             Roman/I/OT:script=latn;language=dflt;mapping=tex-text;"
(fontspec)             - 'italic small caps'  (m/scit) with NFSS spec.:
(fontspec)             <->"Times New
(fontspec)             Roman/I/OT:script=latn;language=dflt;+smcp;mapping=tex-text;"
(fontspec)             - 'bold italic' (b/it) with NFSS spec.: <->"Times New
(fontspec)             Roman/BI/OT:script=latn;language=dflt;mapping=tex-text;"
(fontspec)             - 'bold italic small caps'  (b/scit) with NFSS spec.:
(fontspec)             <->"Times New
(fontspec)             Roman/BI/OT:script=latn;language=dflt;+smcp;mapping=tex-text;"

 (C:\Users\Admin\AppData\Local\Programs\MiKTeX\tex/latex/geometry\geometry.sty
Package: geometry 2026/03/07 v6.0 Page Geometry
 (C:\Users\Admin\AppData\Local\Programs\MiKTeX\tex/generic/iftex\ifvtex.sty
Package: ifvtex 2019/10/25 v1.7 ifvtex legacy package. Use iftex instead.
)
\Gm@cnth=\count296
\Gm@cntv=\count297
\c@Gm@tempcnt=\count298
\Gm@bindingoffset=\dimen152
\Gm@wd@mp=\dimen153
\Gm@odd@mp=\dimen154
\Gm@even@mp=\dimen155
\Gm@layoutwidth=\dimen156
\Gm@layoutheight=\dimen157
\Gm@layouthoffset=\dimen158
\Gm@layoutvoffset=\dimen159
\Gm@dimlist=\toks18
 (C:\Users\Admin\AppData\Local\Programs\MiKTeX\tex/latex/geometry\geometry.cfg)) (C:\Users\Admin\AppData\Local\Programs\MiKTeX\tex/latex/graphics\graphicx.sty
Package: graphicx 2024/12/31 v1.2e Enhanced LaTeX Graphics (DPC,SPQR)
 (C:\Users\Admin\AppData\Local\Programs\MiKTeX\tex/latex/graphics\graphics.sty
Package: graphics 2024/08/06 v1.4g Standard LaTeX Graphics (DPC,SPQR)
 (C:\Users\Admin\AppData\Local\Programs\MiKTeX\tex/latex/graphics\trig.sty
Package: trig 2023/12/02 v1.11 sin cos tan (DPC)
) (C:\Users\Admin\AppData\Local\Programs\MiKTeX\tex/latex/graphics-cfg\graphics.cfg
File: graphics.cfg 2016/06/04 v1.11 sample graphics configuration
)
Package graphics Info: Driver file: xetex.def on input line 106.
 (C:\Users\Admin\AppData\Local\Programs\MiKTeX\tex/latex/graphics-def\xetex.def
File: xetex.def 2025/11/01 v5.0p Graphics/color driver for xetex
))
\Gin@req@height=\dimen160
\Gin@req@width=\dimen161
) (C:\Users\Admin\AppData\Local\Programs\MiKTeX\tex/latex/fancybox\fancybox.sty
Package: fancybox 2010/05/15 1.4

Style option: `fancybox' v1.4 <2010/05/15> (tvz)
\@fancybox=\box53
\shadowsize=\dimen162
\@Sbox=\box54
\do@VerbBox=\toks19
\the@fancyput=\toks20
\this@fancyput=\toks21
\EndVerbatimTokens=\toks22
\Verbatim@Outfile=\write3
\Verbatim@Infile=\read2
) (C:\Users\Admin\AppData\Local\Programs\MiKTeX\tex/latex/tools\indentfirst.sty
Package: indentfirst 2023/07/02 v1.03 Indent first paragraph (DPC)
) (C:\Users\Admin\AppData\Local\Programs\MiKTeX\tex/latex/amscls\amsthm.sty
Package: amsthm 2020/05/29 v2.20.6
\thm@style=\toks23
\thm@bodyfont=\toks24
\thm@headfont=\toks25
\thm@notefont=\toks26
\thm@headpunct=\toks27
\thm@preskip=\skip51
\thm@postskip=\skip52
\thm@headsep=\skip53
\dth@everypar=\toks28
) (C:\Users\Admin\AppData\Local\Programs\MiKTeX\tex/latex/base\latexsym.sty
Package: latexsym 1998/08/17 v2.2e Standard LaTeX package (lasy symbols)
\symlasy=\mathgroup4
LaTeX Font Info:    Overwriting symbol font `lasy' in version `bold'
(Font)                  U/lasy/m/n --> U/lasy/b/n on input line 52.
) (C:\Users\Admin\AppData\Local\Programs\MiKTeX\tex/latex/amsmath\amsmath.sty
Package: amsmath 2025/07/09 v2.17z AMS math features
\@mathmargin=\skip54

For additional information on amsmath, use the `?' option.
(C:\Users\Admin\AppData\Local\Programs\MiKTeX\tex/latex/amsmath\amstext.sty
Package: amstext 2024/11/17 v2.01 AMS text
 (C:\Users\Admin\AppData\Local\Programs\MiKTeX\tex/latex/amsmath\amsgen.sty
File: amsgen.sty 1999/11/30 v2.0 generic functions
\@emptytoks=\toks29
\ex@=\dimen163
)) (C:\Users\Admin\AppData\Local\Programs\MiKTeX\tex/latex/amsmath\amsbsy.sty
Package: amsbsy 1999/11/29 v1.2d Bold Symbols
\pmbraise@=\dimen164
) (C:\Users\Admin\AppData\Local\Programs\MiKTeX\tex/latex/amsmath\amsopn.sty
Package: amsopn 2022/04/08 v2.04 operator names
)
\inf@bad=\count299
LaTeX Info: Redefining \frac on input line 233.
\uproot@=\count300
\leftroot@=\count301
LaTeX Info: Redefining \overline on input line 398.
LaTeX Info: Redefining \colon on input line 409.
\classnum@=\count302
\DOTSCASE@=\count303
LaTeX Info: Redefining \ldots on input line 495.
LaTeX Info: Redefining \dots on input line 498.
LaTeX Info: Redefining \cdots on input line 619.
\Mathstrutbox@=\box55
\strutbox@=\box56
LaTeX Info: Redefining \big on input line 721.
LaTeX Info: Redefining \Big on input line 722.
LaTeX Info: Redefining \bigg on input line 723.
LaTeX Info: Redefining \Bigg on input line 724.
\big@size=\dimen165
LaTeX Font Info:    Redeclaring font encoding OML on input line 742.
LaTeX Font Info:    Redeclaring font encoding OMS on input line 743.
\macc@depth=\count304
LaTeX Info: Redefining \bmod on input line 904.
LaTeX Info: Redefining \pmod on input line 909.
LaTeX Info: Redefining \smash on input line 939.
LaTeX Info: Redefining \relbar on input line 969.
LaTeX Info: Redefining \Relbar on input line 970.
\c@MaxMatrixCols=\count305
\dotsspace@=\muskip17
\c@parentequation=\count306
\dspbrk@lvl=\count307
\tag@help=\toks30
\row@=\count308
\column@=\count309
\maxfields@=\count310
\andhelp@=\toks31
\eqnshift@=\dimen166
\alignsep@=\dimen167
\tagshift@=\dimen168
\tagwidth@=\dimen169
\totwidth@=\dimen170
\lineht@=\dimen171
\@envbody=\toks32
\multlinegap=\skip55
\multlinetaggap=\skip56
\mathdisplay@stack=\toks33
LaTeX Info: Redefining \[ on input line 2950.
LaTeX Info: Redefining \] on input line 2951.
) (C:\Users\Admin\AppData\Local\Programs\MiKTeX\tex/latex/amsfonts\amssymb.sty
Package: amssymb 2013/01/14 v3.01 AMS font symbols
 (C:\Users\Admin\AppData\Local\Programs\MiKTeX\tex/latex/amsfonts\amsfonts.sty
Package: amsfonts 2013/01/14 v3.01 Basic AMSFonts support
\symAMSa=\mathgroup5
\symAMSb=\mathgroup6
LaTeX Font Info:    Redeclaring math symbol \hbar on input line 98.
LaTeX Font Info:    Overwriting math alphabet `\mathfrak' in version `bold'
(Font)                  U/euf/m/n --> U/euf/b/n on input line 106.
)) (C:\Users\Admin\AppData\Local\Programs\MiKTeX\tex/latex/tools\array.sty
Package: array 2025/09/25 v2.6n Tabular extension package (FMi)
\col@sep=\dimen172
\ar@mcellbox=\box57
\extrarowheight=\dimen173
\NC@list=\toks34
\extratabsurround=\skip57
\backup@length=\skip58
\ar@cellbox=\box58
) (C:\Users\Admin\AppData\Local\Programs\MiKTeX\tex/latex/enumitem\enumitem.sty
Package: enumitem 2025/02/06 v3.11 Customized lists
\labelindent=\skip59
\enit@outerparindent=\dimen174
\enit@toks=\toks35
\enit@inbox=\box59
\enit@count@id=\count311
\enitdp@description=\count312
) (C:\Users\Admin\AppData\Local\Programs\MiKTeX\tex/latex/subfiles\subfiles.sty
Package: subfiles 2020/11/14 v2.2 Multi-file projects (package)
 (C:\Users\Admin\AppData\Local\Programs\MiKTeX\tex/latex/import\import.sty
Package: import 2020/04/01  v 6.2
)) (C:\Users\Admin\AppData\Local\Programs\MiKTeX\tex/latex/titlesec\titlesec.sty
Package: titlesec 2025/01/04 v2.17 Sectioning titles
\ttl@box=\box60
\beforetitleunit=\skip60
\aftertitleunit=\skip61
\ttl@plus=\dimen175
\ttl@minus=\dimen176
\ttl@toksa=\toks36
\titlewidth=\dimen177
\titlewidthlast=\dimen178
\titlewidthfirst=\dimen179
) (C:\Users\Admin\AppData\Local\Programs\MiKTeX\tex/latex/titlesec\titletoc.sty
Package: titletoc 2025/01/04 v2.17 TOC entries
\ttl@leftsep=\dimen180
) (C:\Users\Admin\AppData\Local\Programs\MiKTeX\tex/latex/chngcntr\chngcntr.sty
Package: chngcntr 2018/04/09 v1.1a change counter resetting
Package chngcntr Info: \counterwithout already defined.
(chngcntr)             Quitting chngcntr on input line 21.
) (C:\Users\Admin\AppData\Local\Programs\MiKTeX\tex/latex/pdflscape\pdflscape.sty
Package: pdflscape 2022-10-27 v0.13 Display of landscape pages in PDF
 (C:\Users\Admin\AppData\Local\Programs\MiKTeX\tex/latex/pdflscape\pdflscape-nometadata.sty
Package: pdflscape-nometadata 2022-10-28 v0.13 Display of landscape pages in PDF (HO)
 (C:\Users\Admin\AppData\Local\Programs\MiKTeX\tex/latex/graphics\lscape.sty
Package: lscape 2020/05/28 v3.02 Landscape Pages (DPC)
)
Package pdflscape Info: Auto-detected driver: dvipdfm (xetex) on input line 98.
)) (C:\Users\Admin\AppData\Local\Programs\MiKTeX\tex/latex/tools\afterpage.sty
Package: afterpage 2023/07/04 v1.08 After-Page Package (DPC)
\AP@output=\toks37
\AP@partial=\box61
\AP@footins=\box62
) (C:\Users\Admin\AppData\Local\Programs\MiKTeX\tex/latex/algorithm2e\algorithm2e.sty
Invalid UTF-8 byte or sequence at line 284 replaced by U+FFFD.
Invalid UTF-8 byte or sequence at line 299 replaced by U+FFFD.
Invalid UTF-8 byte or sequence at line 550 replaced by U+FFFD.
Package: algorithm2e 2017/07/18 v5.2 algorithms environments
\c@AlgoLine=\count313
 (C:\Users\Admin\AppData\Local\Programs\MiKTeX\tex/latex/base\ifthen.sty
Package: ifthen 2024/03/16 v1.1e Standard LaTeX ifthen package (DPC)
)
\algocf@hangindent=\skip62
 (C:\Users\Admin\AppData\Local\Programs\MiKTeX\tex/latex/ifoddpage\ifoddpage.sty
Package: ifoddpage 2022/10/18 v1.2 Conditionals for odd/even page detection
\c@checkoddpage=\count314
) (C:\Users\Admin\AppData\Local\Programs\MiKTeX\tex/latex/tools\xspace.sty
Package: xspace 2014/10/28 v1.13 Space after command names (DPC,MH)
) (C:\Users\Admin\AppData\Local\Programs\MiKTeX\tex/latex/relsize\relsize.sty
Package: relsize 2013/03/29 ver 4.1
)
\skiptotal=\skip63
\skiplinenumber=\skip64
\skiprule=\skip65
\skiphlne=\skip66
\skiptext=\skip67
\skiplength=\skip68
\algomargin=\skip69
\skipalgocfslide=\skip70
\algowidth=\dimen181
\inoutsize=\dimen182
\inoutindent=\dimen183
\interspacetitleruled=\dimen184
\interspacealgoruled=\dimen185
\interspacetitleboxruled=\dimen186
\algocf@ruledwidth=\skip71
\algocf@inoutbox=\box63
\algocf@inputbox=\box64
\AlCapSkip=\skip72
\AlCapHSkip=\skip73
\algoskipindent=\skip74
\algocf@nlbox=\box65
\algocf@hangingbox=\box66
\algocf@untilbox=\box67
\algocf@skipuntil=\skip75
\algocf@capbox=\box68
\algocf@lcaptionbox=\skip76
\algoheightruledefault=\skip77
\algoheightrule=\skip78
\algotitleheightruledefault=\skip79
\algotitleheightrule=\skip80
\c@algocfline=\count315
\c@algocfproc=\count316
\c@algocf=\count317
\algocf@algoframe=\box69
\algocf@algobox=\box70
) (C:\Users\Admin\AppData\Local\Programs\MiKTeX\tex/latex/capt-of\capt-of.sty
Package: capt-of 2009/12/29 v0.2 standard captions outside of floats
) (C:\Users\Admin\AppData\Local\Programs\MiKTeX\tex/latex/multirow\multirow.sty
Package: multirow 2024/11/12 v2.9 Span multiple rows of a table
\multirow@colwidth=\skip81
\multirow@cntb=\count318
\multirow@dima=\skip82
\bigstrutjot=\dimen187
) (C:\Users\Admin\AppData\Local\Programs\MiKTeX\tex/latex/fancyhdr\fancyhdr.sty
Package: fancyhdr 2025/02/07 v5.2 Extensive control of page headers and footers
\f@nch@headwidth=\skip83
\f@nch@offset@elh=\skip84
\f@nch@offset@erh=\skip85
\f@nch@offset@olh=\skip86
\f@nch@offset@orh=\skip87
\f@nch@offset@elf=\skip88
\f@nch@offset@erf=\skip89
\f@nch@offset@olf=\skip90
\f@nch@offset@orf=\skip91
\f@nch@height=\skip92
\f@nch@footalignment=\skip93
\f@nch@widthL=\skip94
\f@nch@widthC=\skip95
\f@nch@widthR=\skip96
\@temptokenb=\toks38
) (C:\Users\Admin\AppData\Local\Programs\MiKTeX\tex/latex/appendix\appendix.sty
Package: appendix 2020/02/08 v1.2c extra appendix facilities
\c@@pps=\count319
\c@@ppsavesec=\count320
\c@@ppsaveapp=\count321
) (C:\Users\Admin\AppData\Local\Programs\MiKTeX\tex/latex/outlines\outlines.sty
Package: outlines 2012/1/23 1.1 Ch. Pecheur
) (C:\Users\Admin\AppData\Local\Programs\MiKTeX\tex/latex/caption\caption.sty
Package: caption 2023/08/05 v3.6o Customizing captions (AR)
 (C:\Users\Admin\AppData\Local\Programs\MiKTeX\tex/latex/caption\caption3.sty
Package: caption3 2023/07/31 v2.4d caption3 kernel (AR)
\caption@tempdima=\dimen188
\captionmargin=\dimen189
\caption@leftmargin=\dimen190
\caption@rightmargin=\dimen191
\caption@width=\dimen192
\caption@indent=\dimen193
\caption@parindent=\dimen194
\caption@hangindent=\dimen195
Package caption Info: Standard document class detected.
)
\c@caption@flags=\count322
\c@continuedfloat=\count323
Package caption Info: scrextend package is loaded.
\caption@addmargin@hsize=\dimen196
\caption@addmargin@linewidth=\dimen197
) (C:\Users\Admin\AppData\Local\Programs\MiKTeX\tex/latex/listings\listings.sty
\lst@mode=\count324
\lst@gtempboxa=\box71
\lst@token=\toks39
\lst@length=\count325
\lst@currlwidth=\dimen198
\lst@column=\count326
\lst@pos=\count327
\lst@lostspace=\dimen199
\lst@width=\dimen256
\lst@newlines=\count328
\lst@lineno=\count329
\lst@maxwidth=\dimen257
 (C:\Users\Admin\AppData\Local\Programs\MiKTeX\tex/latex/listings\lstpatch.sty
File: lstpatch.sty 2025/11/14 1.11b (Carsten Heinz)
) (C:\Users\Admin\AppData\Local\Programs\MiKTeX\tex/latex/listings\lstmisc.sty
File: lstmisc.sty 2025/11/14 1.11b (Carsten Heinz)
\c@lstnumber=\count330
\lst@skipnumbers=\count331
\lst@framebox=\box72
) (C:\Users\Admin\AppData\Local\Programs\MiKTeX\tex/latex/listings\listings.cfg
File: listings.cfg 2025/11/14 1.11b listings configuration
))
Package: listings 2025/11/14 1.11b (Carsten Heinz)

==> First Aid for listings.sty no longer applied!
    Expected:
        2024/09/23 1.10c (Carsten Heinz)
    but found:
        2025/11/14 1.11b (Carsten Heinz)
    so I'm assuming it got fixed.
(C:\Users\Admin\AppData\Local\Programs\MiKTeX\tex/latex/float\float.sty
Package: float 2001/11/08 v1.3d Float enhancements (AL)
\c@float@type=\count332
\float@exts=\toks40
\float@box=\box73
\@float@everytoks=\toks41
\@floatcapt=\box74
) (C:\Users\Admin\AppData\Local\Programs\MiKTeX\tex/latex/caption\subcaption.sty
Package: subcaption 2023/07/28 v1.6b Sub-captions (AR)
Package caption Info: New subtype `subfigure' on input line 238.
\c@subfigure=\count333
Package caption Info: New subtype `subtable' on input line 238.
\c@subtable=\count334
) (C:\Users\Admin\AppData\Local\Programs\MiKTeX\tex/latex/xurl\xurl.sty
Package: xurl 2022/01/09 v 0.10 modify URL breaks
 (C:\Users\Admin\AppData\Local\Programs\MiKTeX\tex/latex/url\url.sty
\Urlmuskip=\muskip18
Package: url 2013/09/16  ver 3.4  Verb mode for urls, etc.
)) (C:\Users\Admin\AppData\Local\Programs\MiKTeX\tex/latex/glossaries/base\glossaries.sty
Package: glossaries 2026/04/21 v5.1 (NLCT)
 (C:\Users\Admin\AppData\Local\Programs\MiKTeX\tex/latex/xkeyval\xkeyval.sty
Package: xkeyval 2022/06/16 v2.9 package option processing (HA)
 (C:\Users\Admin\AppData\Local\Programs\MiKTeX\tex/generic/xkeyval\xkeyval.tex (C:\Users\Admin\AppData\Local\Programs\MiKTeX\tex/generic/xkeyval\xkvutils.tex
\XKV@toks=\toks42
\XKV@tempa@toks=\toks43
)
\XKV@depth=\count335
File: xkeyval.tex 2014/12/03 v2.7a key=value parser (HA)
)) (C:\Users\Admin\AppData\Local\Programs\MiKTeX\tex/latex/mfirstuc\mfirstuc.sty
Package: mfirstuc 2025/04/03 v2.09 (NLCT)
\@glsmfirst=\toks44
\@glsmrest=\toks45
) (C:\Users\Admin\AppData\Local\Programs\MiKTeX\tex/latex/xfor\xfor.sty
Package: xfor 2009/02/05 v1.05 (NLCT)
) (C:\Users\Admin\AppData\Local\Programs\MiKTeX\tex/latex/tracklang\tracklang.sty
Package: tracklang 2026/05/24 v1.6.8 (NLCT) Track Languages
 (C:\Users\Admin\AppData\Local\Programs\MiKTeX\tex/generic/tracklang\tracklang.tex)
Package tracklang Info: Tracking dialect `vi' (language `vietnamese') on input line 264.
)

Package glossaries Warning: No language module detected for `vi'.
(glossaries)                Language modules need to be installed separately.
(glossaries)                Please check on CTAN for a bundle called
(glossaries)                `glossaries-vietnamese' or similar.

(C:\Users\Admin\AppData\Local\Programs\MiKTeX\tex/latex/datatool\datatool-base.sty
Package: datatool-base 2025/12/04 v3.4.3 (NLCT)
\l__datatool_tmpa_int=\count336
\l__datatool_tmpb_int=\count337
\l__datatool_tmpc_int=\count338
\l__datatool_tmpd_int=\count339
\l__datatool_count_int=\count340
\l__datatool_tmp_datatype_int=\count341
\l__datatool_tmpa_dim=\dimen258
\l__datatool_tmpb_dim=\dimen259
 (C:\Users\Admin\AppData\Local\Programs\MiKTeX\tex/latex/datatool\datatool-l3fp.def
File: datatool-l3fp.def 2025/12/04 v3.4.3 (NLCT)
)
\@dtl@toks=\toks46
\@dtl@tmpcount=\count342
\dtl@tmplength=\skip97
\l__datatool_measure_box=\box75
\dtl@sortresult=\count343
 (C:\Users\Admin\AppData\Local\Programs\MiKTeX\tex/latex/datatool\datatool-utf8.ldf
File: datatool-utf8.ldf 2025/12/04 v3.4.3 (NLCT)
)
\@dtl@datatype=\count344
\c_datatool_unknown_int=\count345
\l__datatool_year_int=\count346
\l__datatool_month_int=\count347
\l__datatool_day_int=\count348
\l__datatool_hour_int=\count349
\l__datatool_minute_int=\count350
\l__datatool_second_int=\count351
\l__datatool_tzhour_int=\count352
\l__datatool_tzminute_int=\count353
\l__datatool_julian_int=\count354
\l__datatool_local_julian_int=\count355
\l__datatool_prefix_int=\count356
\l__datatool_suffix_int=\count357
\@dtl@foreach@level=\count358


Package tracklang Warning: No `datatool' support for dialect `vi'  on input line 9924.

\dtl@codeA=\count359
\dtl@codeB=\count360
)
\gls@level=\count361
\@gls@tmpb=\toks47
\gls@tmplen=\skip98
\l__glossaries_tmpa_dim=\dimen260
\l__glossaries_tmpb_dim=\dimen261
\glskeylisttok=\toks48
\glslabeltok=\toks49
\glsshorttok=\toks50
\glslongtok=\toks51
 (C:\Users\Admin\AppData\Local\Programs\MiKTeX\tex/latex/glossaries/styles\glossary-hypernav.sty
Package: glossary-hypernav 2026/04/21 v5.1 (NLCT)
) (C:\Users\Admin\AppData\Local\Programs\MiKTeX\tex/latex/glossaries/styles\glossary-list.sty
Package: glossary-list 2026/04/21 v5.1 (NLCT)
\glslistdottedwidth=\skip99
) (C:\Users\Admin\AppData\Local\Programs\MiKTeX\tex/latex/glossaries/styles\glossary-long.sty
Package: glossary-long 2026/04/21 v5.1 (NLCT)
 (C:\Users\Admin\AppData\Local\Programs\MiKTeX\tex/latex/tools\longtable.sty
Package: longtable 2025-10-13 v4.24 Multi-page Table package (DPC)
\LTleft=\skip100
\LTright=\skip101
\LTpre=\skip102
\LTpost=\skip103
\LTchunksize=\count362
\LTcapwidth=\dimen262
\LT@head=\box76
\LT@firsthead=\box77
\LT@foot=\box78
\LT@lastfoot=\box79
\LT@gbox=\box80
\LT@cols=\count363
\LT@rows=\count364
\c@LT@tables=\count365
\c@LT@chunks=\count366
\LT@p@ftn=\toks52
)
\glsdescwidth=\skip104
\glspagelistwidth=\skip105
) (C:\Users\Admin\AppData\Local\Programs\MiKTeX\tex/latex/glossaries/styles\glossary-super.sty
Package: glossary-super 2026/04/21 v5.1 (NLCT)
 (C:\Users\Admin\AppData\Local\Programs\MiKTeX\tex/latex/supertabular\supertabular.sty
Package: supertabular 2025/06/26 v4.2d the supertabular environment
\c@tracingst=\count367
\ST@wd=\dimen263
\ST@rightskip=\skip106
\ST@leftskip=\skip107
\ST@parfillskip=\skip108
\ST@pageleft=\dimen264
\ST@headht=\dimen265
\ST@tailht=\dimen266
\ST@pagesofar=\dimen267
\ST@pboxht=\dimen268
\ST@rowht=\dimen269
\ST@prevht=\dimen270
\ST@toadd=\dimen271
\ST@dimen=\dimen272
\ST@pbox=\box81
)) (C:\Users\Admin\AppData\Local\Programs\MiKTeX\tex/latex/glossaries/styles\glossary-tree.sty
Package: glossary-tree 2026/04/21 v5.1 (NLCT)
\l__glossaries_tree_max_known_level_int=\count368
\l__glossaries_tree_offset_dim=\dimen273
\l__glossaries_tree_namewidth_dim=\dimen274
\l__glossaries_tree_symbolwidth_dim=\dimen275
\l__glossaries_tree_prenamesym_width_dim=\dimen276
\l__glossaries_tree_presubnamesym_width_dim=\dimen277
\l__glossaries_tree_namewidth_padding_dim=\dimen278
\l__glossaries_tree_symbolwidth_padding_dim=\dimen279
\l__glossaries_tree_namesymbolwidth_dim=\dimen280
\l__glossaries_tree_namesymbolwidth_padding_dim=\dimen281
\l__glossaries_tree_level_int=\count369
\glstreeindent=\skip109
)) (C:\Users\Admin\AppData\Local\Programs\MiKTeX\tex/latex/glossaries/styles\glossary-superragged.sty
Package: glossary-superragged 2026/04/21 v5.1 (NLCT)
) (C:\Users\Admin\AppData\Local\Programs\MiKTeX\tex/latex/setspace\setspace.sty
Package: setspace 2022/12/04 v6.7b set line spacing
) (C:\Users\Admin\AppData\Local\Programs\MiKTeX\tex/latex/parskip\parskip.sty
Package: parskip 2021-03-14 v2.0h non-zero parskip adjustments
 (C:\Users\Admin\AppData\Local\Programs\MiKTeX\tex/latex/kvoptions\kvoptions.sty
Package: kvoptions 2022-06-15 v3.15 Key value format for package options (HO)
 (C:\Users\Admin\AppData\Local\Programs\MiKTeX\tex/generic/ltxcmds\ltxcmds.sty
Package: ltxcmds 2023-12-04 v1.26 LaTeX kernel commands for general use (HO)
) (C:\Users\Admin\AppData\Local\Programs\MiKTeX\tex/latex/kvsetkeys\kvsetkeys.sty
Package: kvsetkeys 2022-10-05 v1.19 Key value parser (HO)
))) (C:\Users\Admin\AppData\Local\Programs\MiKTeX\tex/latex/koma-script\tocbasic.sty
Package: tocbasic 2026/02/02 v3.49.2 KOMA-Script package (handling toc-files)
\scr@dte@tocline@numberwidth=\skip110
\scr@dte@tocline@numbox=\box82
) (C:\Users\Admin\AppData\Local\Programs\MiKTeX\tex/latex/blindtext\blindtext.sty
Package: blindtext 2012/01/06 V2.0 blindtext-Package
\c@blindtext=\count370
\c@Blindtext=\count371
\c@blind@countparstart=\count372
\blind@countxx=\count373
\blindtext@numBlindtext=\count374
\blind@countyy=\count375
\c@blindlist=\count376
\c@blindlistlevel=\count377
\c@blindlist@level=\count378
\blind@listitem=\count379
\c@blind@listcount=\count380
\c@blind@levelcount=\count381
\blind@mathformula=\count382
\blind@Mathformula=\count383
\c@blind@randomcount=\count384
\c@blind@randommax=\count385
\c@blind@pangramcount=\count386
\c@blind@pangrammax=\count387
) (C:\Users\Admin\AppData\Local\Programs\MiKTeX\tex/latex/biblatex\biblatex.sty
Package: biblatex 2025/07/10 v3.21 programmable bibliographies (PK/MW)
 (C:\Users\Admin\AppData\Local\Programs\MiKTeX\tex/generic/pdftexcmds\pdftexcmds.sty
Package: pdftexcmds 2020-06-27 v0.33 Utility functions of pdfTeX for LuaTeX (HO)
 (C:\Users\Admin\AppData\Local\Programs\MiKTeX\tex/generic/infwarerr\infwarerr.sty
Package: infwarerr 2019/12/03 v1.5 Providing info/warning/error messages (HO)
)
Package pdftexcmds Info: \pdf@primitive is available.
Package pdftexcmds Info: \pdf@ifprimitive is available.
Package pdftexcmds Info: \pdfdraftmode not found.
) (C:\Users\Admin\AppData\Local\Programs\MiKTeX\tex/latex/logreq\logreq.sty
Package: logreq 2010/08/04 v1.0 xml request logger
\lrq@indent=\count388
 (C:\Users\Admin\AppData\Local\Programs\MiKTeX\tex/latex/logreq\logreq.def
File: logreq.def 2010/08/04 v1.0 logreq spec v1.0
))
\c@tabx@nest=\count389
\c@listtotal=\count390
\c@listcount=\count391
\c@liststart=\count392
\c@liststop=\count393
\c@citecount=\count394
\c@citetotal=\count395
\c@multicitecount=\count396
\c@multicitetotal=\count397
\c@instcount=\count398
\c@maxnames=\count399
\c@minnames=\count400
\c@maxitems=\count401
\c@minitems=\count402
\c@citecounter=\count403
\c@maxcitecounter=\count404
\c@savedcitecounter=\count405
\c@uniquelist=\count406
\c@uniquename=\count407
\c@refsection=\count408
\c@refsegment=\count409
\c@maxextratitle=\count410
\c@maxextratitleyear=\count411
\c@maxextraname=\count412
\c@maxextradate=\count413
\c@maxextraalpha=\count414
\c@abbrvpenalty=\count415
\c@highnamepenalty=\count416
\c@lownamepenalty=\count417
\c@maxparens=\count418
\c@parenlevel=\count419
\blx@tempcnta=\count420
\blx@tempcntb=\count421
\blx@tempcntc=\count422
\c@blx@maxsection=\count423
\blx@maxsegment@0=\count424
\blx@notetype=\count425
\blx@parenlevel@text=\count426
\blx@parenlevel@foot=\count427
\blx@sectionciteorder@0=\count428
\blx@sectionciteorderinternal@0=\count429
\blx@entrysetcounter=\count430
\blx@biblioinstance=\count431
\labelnumberwidth=\skip111
\labelalphawidth=\skip112
\biblabelsep=\skip113
\bibitemsep=\skip114
\bibnamesep=\skip115
\bibinitsep=\skip116
\bibparsep=\skip117
\bibhang=\skip118
\blx@bcfin=\read3
\blx@bcfout=\write4
\blx@langwohyphens=\language79
\c@mincomprange=\count432
\c@maxcomprange=\count433
\c@mincompwidth=\count434
Package biblatex Info: Trying to load biblatex default data model...
Package biblatex Info: ... file 'blx-dm.def' found.
 (C:\Users\Admin\AppData\Local\Programs\MiKTeX\tex/latex/biblatex\blx-dm.def
File: blx-dm.def 2025/07/10 v3.21 biblatex datamodel (PK/MW)
)
Package biblatex Info: Trying to load biblatex style data model...
Package biblatex Info: ... file 'ieee.dbx' not found.
Package biblatex Info: Trying to load biblatex custom data model...
Package biblatex Info: ... file 'biblatex-dm.cfg' not found.
\c@afterword=\count435
\c@savedafterword=\count436
\c@annotator=\count437
\c@savedannotator=\count438
\c@author=\count439
\c@savedauthor=\count440
\c@bookauthor=\count441
\c@savedbookauthor=\count442
\c@commentator=\count443
\c@savedcommentator=\count444
\c@editor=\count445
\c@savededitor=\count446
\c@editora=\count447
\c@savededitora=\count448
\c@editorb=\count449
\c@savededitorb=\count450
\c@editorc=\count451
\c@savededitorc=\count452
\c@foreword=\count453
\c@savedforeword=\count454
\c@holder=\count455
\c@savedholder=\count456
\c@introduction=\count457
\c@savedintroduction=\count458
\c@namea=\count459
\c@savednamea=\count460
\c@nameb=\count461
\c@savednameb=\count462
\c@namec=\count463
\c@savednamec=\count464
\c@translator=\count465
\c@savedtranslator=\count466
\c@shortauthor=\count467
\c@savedshortauthor=\count468
\c@shorteditor=\count469
\c@savedshorteditor=\count470
\c@labelname=\count471
\c@savedlabelname=\count472
\c@institution=\count473
\c@savedinstitution=\count474
\c@lista=\count475
\c@savedlista=\count476
\c@listb=\count477
\c@savedlistb=\count478
\c@listc=\count479
\c@savedlistc=\count480
\c@listd=\count481
\c@savedlistd=\count482
\c@liste=\count483
\c@savedliste=\count484
\c@listf=\count485
\c@savedlistf=\count486
\c@location=\count487
\c@savedlocation=\count488
\c@organization=\count489
\c@savedorganization=\count490
\c@origlocation=\count491
\c@savedoriglocation=\count492
\c@origpublisher=\count493
\c@savedorigpublisher=\count494
\c@publisher=\count495
\c@savedpublisher=\count496
\c@language=\count497
\c@savedlanguage=\count498
\c@origlanguage=\count499
\c@savedoriglanguage=\count500
\c@pageref=\count501
\c@savedpageref=\count502
\shorthandwidth=\skip119
\shortjournalwidth=\skip120
\shortserieswidth=\skip121
\shorttitlewidth=\skip122
\shortauthorwidth=\skip123
\shorteditorwidth=\skip124
\locallabelnumberwidth=\skip125
\locallabelalphawidth=\skip126
\localshorthandwidth=\skip127
\localshortjournalwidth=\skip128
\localshortserieswidth=\skip129
\localshorttitlewidth=\skip130
\localshortauthorwidth=\skip131
\localshorteditorwidth=\skip132
Package biblatex Info: Trying to load enhanced support for Unicode engines...
Package biblatex Info: ... file 'blx-unicode.def' found.
 (C:\Users\Admin\AppData\Local\Programs\MiKTeX\tex/latex/biblatex\blx-unicode.def)
Package biblatex Info: Trying to load compatibility code...
Package biblatex Info: ... file 'blx-compat.def' found.
 (C:\Users\Admin\AppData\Local\Programs\MiKTeX\tex/latex/biblatex\blx-compat.def
File: blx-compat.def 2025/07/10 v3.21 biblatex compatibility (PK/MW)
)
Package biblatex Info: Trying to load BibTeX backend compatibility...
Package biblatex Info: ... file 'blx-bibtex.def' found.
 (C:\Users\Admin\AppData\Local\Programs\MiKTeX\tex/latex/biblatex\blx-bibtex.def
File: blx-bibtex.def 2025/07/10 v3.21 biblatex compatibility (PK/MW)


Package biblatex Warning: Using fall-back bibtex backend:
(biblatex)                functionality may be reduced/unavailable.

)
Package biblatex Info: Trying to load generic definitions...
Package biblatex Info: ... file 'biblatex.def' found.
 (C:\Users\Admin\AppData\Local\Programs\MiKTeX\tex/latex/biblatex\biblatex.def
File: biblatex.def 2025/07/10 v3.21 biblatex compatibility (PK/MW)
\c@textcitecount=\count503
\c@textcitetotal=\count504
\c@textcitemaxnames=\count505
\c@biburlbigbreakpenalty=\count506
\c@biburlbreakpenalty=\count507
\c@biburlnumpenalty=\count508
\c@biburlucpenalty=\count509
\c@biburllcpenalty=\count510
\biburlbigskip=\muskip19
\biburlnumskip=\muskip20
\biburlucskip=\muskip21
\biburllcskip=\muskip22
\c@smartand=\count511
)
Package biblatex Info: Trying to load bibliography style 'ieee'...
Package biblatex Info: ... file 'ieee.bbx' found.
 (C:\Users\Admin\AppData\Local\Programs\MiKTeX\tex/latex/biblatex-ieee\ieee.bbx
File: ieee.bbx 2025-08-01 v1.4f biblatex bibliography style
Package biblatex Info: Trying to load bibliography style 'numeric-comp'...
Package biblatex Info: ... file 'numeric-comp.bbx' found.
 (C:\Users\Admin\AppData\Local\Programs\MiKTeX\tex/latex/biblatex/bbx\numeric-comp.bbx
File: numeric-comp.bbx 2025/07/10 v3.21 biblatex bibliography style (PK/MW)
Package biblatex Info: Trying to load bibliography style 'numeric'...
Package biblatex Info: ... file 'numeric.bbx' found.
 (C:\Users\Admin\AppData\Local\Programs\MiKTeX\tex/latex/biblatex/bbx\numeric.bbx
File: numeric.bbx 2025/07/10 v3.21 biblatex bibliography style (PK/MW)
Package biblatex Info: Trying to load bibliography style 'standard'...
Package biblatex Info: ... file 'standard.bbx' found.
 (C:\Users\Admin\AppData\Local\Programs\MiKTeX\tex/latex/biblatex/bbx\standard.bbx
File: standard.bbx 2025/07/10 v3.21 biblatex bibliography style (PK/MW)
\c@bbx:relatedcount=\count512
\c@bbx:relatedtotal=\count513
))))
Package biblatex Info: Trying to load citation style 'ieee'...
Package biblatex Info: ... file 'ieee.cbx' found.
 (C:\Users\Admin\AppData\Local\Programs\MiKTeX\tex/latex/biblatex-ieee\ieee.cbx
File: ieee.cbx 2025-08-01 v1.4f biblatex citation style
Package biblatex Info: Trying to load citation style 'numeric-verb'...
Package biblatex Info: ... file 'numeric-verb.cbx' found.
 (C:\Users\Admin\AppData\Local\Programs\MiKTeX\tex/latex/biblatex/cbx\numeric-verb.cbx
File: numeric-verb.cbx 2025/07/10 v3.21 biblatex citation style (PK/MW)
Package biblatex Info: Redefining '\cite'.
Package biblatex Info: Redefining '\parencite'.
Package biblatex Info: Redefining '\footcite'.
Package biblatex Info: Redefining '\footcitetext'.
Package biblatex Info: Redefining '\smartcite'.
Package biblatex Info: Redefining '\textcite'.
Package biblatex Info: Redefining '\supercite'.
Package biblatex Info: Redefining '\parencites'.
Package biblatex Info: Redefining '\smartcites'.
Package biblatex Info: Redefining '\textcites'.
))
Package biblatex Info: Trying to load configuration file...
Package biblatex Info: ... file 'biblatex.cfg' found.
 (C:\Users\Admin\AppData\Local\Programs\MiKTeX\tex/latex/biblatex\biblatex.cfg
File: biblatex.cfg 
)
Package biblatex Info: XeTeX detected.
(biblatex)             Assuming input encoding 'utf8'.
Package biblatex Info: Document encoding is UTF8 ....
Package biblatex Info: ... and expl3
(biblatex)             2025-12-24 L3 programming layer (loader) 
(biblatex)             is new enough (at least 2020/04/06),
(biblatex)             setting 'casechanger=expl3'.
 (C:\Users\Admin\AppData\Local\Programs\MiKTeX\tex/latex/biblatex\blx-case-expl3.sty
Package: blx-case-expl3 2025/07/10 v3.21 expl3 case changing code for biblatex
))

LaTeX Warning: \include should only be used after \begin{document} on input line 69.

No file lstlisting.
(Tu_viet_tat.tex) (C:\Users\Admin\AppData\Local\Programs\MiKTeX\tex/latex/hyperref\hyperref.sty
Package: hyperref 2025-07-12 v7.01o Hypertext links for LaTeX
 (C:\Users\Admin\AppData\Local\Programs\MiKTeX\tex/generic/kvdefinekeys\kvdefinekeys.sty
Package: kvdefinekeys 2019-12-19 v1.6 Define keys (HO)
) (C:\Users\Admin\AppData\Local\Programs\MiKTeX\tex/generic/pdfescape\pdfescape.sty
Package: pdfescape 2019/12/09 v1.15 Implements pdfTeX's escape features (HO)
) (C:\Users\Admin\AppData\Local\Programs\MiKTeX\tex/latex/hycolor\hycolor.sty
Package: hycolor 2020-01-27 v1.10 Color options for hyperref/bookmark (HO)
) (C:\Users\Admin\AppData\Local\Programs\MiKTeX\tex/latex/hyperref\nameref.sty
Package: nameref 2025-06-21 v2.57 Cross-referencing by name of section
 (C:\Users\Admin\AppData\Local\Programs\MiKTeX\tex/latex/refcount\refcount.sty
Package: refcount 2019/12/15 v3.6 Data extraction from label references (HO)
) (C:\Users\Admin\AppData\Local\Programs\MiKTeX\tex/generic/gettitlestring\gettitlestring.sty
Package: gettitlestring 2019/12/15 v1.6 Cleanup title references (HO)
)
\c@section@level=\count514
) (C:\Users\Admin\AppData\Local\Programs\MiKTeX\tex/generic/stringenc\stringenc.sty
Package: stringenc 2019/11/29 v1.12 Convert strings between diff. encodings (HO)
)
\@linkdim=\dimen282
\Hy@linkcounter=\count515
\Hy@pagecounter=\count516
 (C:\Users\Admin\AppData\Local\Programs\MiKTeX\tex/latex/hyperref\pd1enc.def
File: pd1enc.def 2025-07-12 v7.01o Hyperref: PDFDocEncoding definition (HO)
) (C:\Users\Admin\AppData\Local\Programs\MiKTeX\tex/generic/intcalc\intcalc.sty
Package: intcalc 2019/12/15 v1.3 Expandable calculations with integers (HO)
)
\Hy@SavedSpaceFactor=\count517
 (C:\Users\Admin\AppData\Local\Programs\MiKTeX\tex/latex/hyperref\puenc.def
File: puenc.def 2025-07-12 v7.01o Hyperref: PDF Unicode definition (HO)
)
Package hyperref Info: Hyper figures OFF on input line 4195.
Package hyperref Info: Link nesting OFF on input line 4200.
Package hyperref Info: Hyper index ON on input line 4203.
Package hyperref Info: Plain pages OFF on input line 4210.
Package hyperref Info: Backreferencing OFF on input line 4215.
Package hyperref Info: Implicit mode ON; LaTeX internals redefined.
Package hyperref Info: Bookmarks ON on input line 4462.
\c@Hy@tempcnt=\count518
LaTeX Info: Redefining \url on input line 4801.
\XeTeXLinkMargin=\dimen283
 (C:\Users\Admin\AppData\Local\Programs\MiKTeX\tex/generic/bitset\bitset.sty
Package: bitset 2019/12/09 v1.3 Handle bit-vector datatype (HO)
 (C:\Users\Admin\AppData\Local\Programs\MiKTeX\tex/generic/bigintcalc\bigintcalc.sty
Package: bigintcalc 2019/12/15 v1.5 Expandable calculations on big integers (HO)
))
\Fld@menulength=\count519
\Field@Width=\dimen284
\Fld@charsize=\dimen285
Package hyperref Info: Hyper figures OFF on input line 6078.
Package hyperref Info: Link nesting OFF on input line 6083.
Package hyperref Info: Hyper index ON on input line 6086.
Package hyperref Info: backreferencing OFF on input line 6093.
Package hyperref Info: Link coloring OFF on input line 6098.
Package hyperref Info: Link coloring with OCG OFF on input line 6103.
Package hyperref Info: PDF/A mode OFF on input line 6108.
\Hy@abspage=\count520
\c@Item=\count521
\c@Hfootnote=\count522
)
Package hyperref Info: Driver (autodetected): hxetex.
 (C:\Users\Admin\AppData\Local\Programs\MiKTeX\tex/latex/hyperref\hxetex.def
File: hxetex.def 2025-07-12 v7.01o Hyperref driver for XeTeX
\pdfm@box=\box83
\c@Hy@AnnotLevel=\count523
\HyField@AnnotCount=\count524
\Fld@listcount=\count525
\c@bookmark@seq@number=\count526
 (C:\Users\Admin\AppData\Local\Programs\MiKTeX\tex/latex/rerunfilecheck\rerunfilecheck.sty
Package: rerunfilecheck 2025-06-21 v1.11 Rerun checks for auxiliary files (HO)
 (C:\Users\Admin\AppData\Local\Programs\MiKTeX\tex/generic/uniquecounter\uniquecounter.sty
Package: uniquecounter 2019/12/15 v1.4 Provide unlimited unique counter (HO)
)
Package uniquecounter Info: New unique counter `rerunfilecheck' on input line 284.
)
\Hy@SectionHShift=\skip133
) (C:\Users\Admin\AppData\Local\Programs\MiKTeX\tex/latex/hypcap\hypcap.sty
Package: hypcap 2024-07-26 v1.13 Adjusting the anchors of captions (HO)
 (C:\Users\Admin\AppData\Local\Programs\MiKTeX\tex/latex/letltxmacro\letltxmacro.sty
Package: letltxmacro 2019/12/03 v1.6 Let assignment for LaTeX macros (HO)
))
\c@example=\count527
\@quotelevel=\count528
\@quotereset=\count529


LaTeX Warning: Unused global option(s):
    [13pt,3p].

(DoAn.aux)
\openout1 = `DoAn.aux'.

LaTeX Font Info:    Checking defaults for OML/cmm/m/it on input line 173.
LaTeX Font Info:    ... okay on input line 173.
LaTeX Font Info:    Checking defaults for OMS/cmsy/m/n on input line 173.
LaTeX Font Info:    ... okay on input line 173.
LaTeX Font Info:    Checking defaults for OT1/cmr/m/n on input line 173.
LaTeX Font Info:    ... okay on input line 173.
LaTeX Font Info:    Checking defaults for T1/cmr/m/n on input line 173.
LaTeX Font Info:    ... okay on input line 173.
LaTeX Font Info:    Checking defaults for TS1/cmr/m/n on input line 173.
LaTeX Font Info:    ... okay on input line 173.
LaTeX Font Info:    Checking defaults for TU/lmr/m/n on input line 173.
LaTeX Font Info:    ... okay on input line 173.
LaTeX Font Info:    Checking defaults for OMX/cmex/m/n on input line 173.
LaTeX Font Info:    ... okay on input line 173.
LaTeX Font Info:    Checking defaults for U/cmr/m/n on input line 173.
LaTeX Font Info:    ... okay on input line 173.
LaTeX Font Info:    Checking defaults for PD1/pdf/m/n on input line 173.
LaTeX Font Info:    ... okay on input line 173.
LaTeX Font Info:    Checking defaults for PU/pdf/m/n on input line 173.
LaTeX Font Info:    ... okay on input line 173.

Package fontspec Info: 
(fontspec)             Adjusting the maths setup (use [no-math] to avoid
(fontspec)             this).

\symlegacymaths=\mathgroup7
LaTeX Font Info:    Overwriting symbol font `legacymaths' in version `bold'
(Font)                  OT1/cmr/m/n --> OT1/cmr/bx/n on input line 173.
LaTeX Font Info:    Redeclaring math accent \acute on input line 173.
LaTeX Font Info:    Redeclaring math accent \grave on input line 173.
LaTeX Font Info:    Redeclaring math accent \ddot on input line 173.
LaTeX Font Info:    Redeclaring math accent \tilde on input line 173.
LaTeX Font Info:    Redeclaring math accent \bar on input line 173.
LaTeX Font Info:    Redeclaring math accent \breve on input line 173.
LaTeX Font Info:    Redeclaring math accent \check on input line 173.
LaTeX Font Info:    Redeclaring math accent \hat on input line 173.
LaTeX Font Info:    Redeclaring math accent \dot on input line 173.
LaTeX Font Info:    Redeclaring math accent \mathring on input line 173.
LaTeX Font Info:    Redeclaring math symbol \Gamma on input line 173.
LaTeX Font Info:    Redeclaring math symbol \Delta on input line 173.
LaTeX Font Info:    Redeclaring math symbol \Theta on input line 173.
LaTeX Font Info:    Redeclaring math symbol \Lambda on input line 173.
LaTeX Font Info:    Redeclaring math symbol \Xi on input line 173.
LaTeX Font Info:    Redeclaring math symbol \Pi on input line 173.
LaTeX Font Info:    Redeclaring math symbol \Sigma on input line 173.
LaTeX Font Info:    Redeclaring math symbol \Upsilon on input line 173.
LaTeX Font Info:    Redeclaring math symbol \Phi on input line 173.
LaTeX Font Info:    Redeclaring math symbol \Psi on input line 173.
LaTeX Font Info:    Redeclaring math symbol \Omega on input line 173.
LaTeX Font Info:    Redeclaring math symbol \mathdollar on input line 173.
LaTeX Font Info:    Redeclaring symbol font `operators' on input line 173.
LaTeX Font Info:    Encoding `OT1' has changed to `TU' for symbol font
(Font)              `operators' in the math version `normal' on input line 173.
LaTeX Font Info:    Overwriting symbol font `operators' in version `normal'
(Font)                  OT1/cmr/m/n --> TU/TimesNewRoman(0)/m/n on input line 173.
LaTeX Font Info:    Encoding `OT1' has changed to `TU' for symbol font
(Font)              `operators' in the math version `bold' on input line 173.
LaTeX Font Info:    Overwriting symbol font `operators' in version `bold'
(Font)                  OT1/cmr/bx/n --> TU/TimesNewRoman(0)/m/n on input line 173.
LaTeX Font Info:    Overwriting symbol font `operators' in version `normal'
(Font)                  TU/TimesNewRoman(0)/m/n --> TU/TimesNewRoman(0)/m/n on input line 173.
LaTeX Font Info:    Overwriting math alphabet `\mathit' in version `normal'
(Font)                  OT1/cmr/m/it --> TU/TimesNewRoman(0)/m/it on input line 173.
LaTeX Font Info:    Overwriting math alphabet `\mathbf' in version `normal'
(Font)                  OT1/cmr/bx/n --> TU/TimesNewRoman(0)/b/n on input line 173.
LaTeX Font Info:    Overwriting math alphabet `\mathsf' in version `normal'
(Font)                  OT1/cmss/m/n --> TU/lmss/m/n on input line 173.
LaTeX Font Info:    Overwriting math alphabet `\mathtt' in version `normal'
(Font)                  OT1/cmtt/m/n --> TU/lmtt/m/n on input line 173.
LaTeX Font Info:    Overwriting symbol font `operators' in version `bold'
(Font)                  TU/TimesNewRoman(0)/m/n --> TU/TimesNewRoman(0)/b/n on input line 173.
LaTeX Font Info:    Overwriting math alphabet `\mathit' in version `bold'
(Font)                  OT1/cmr/bx/it --> TU/TimesNewRoman(0)/b/it on input line 173.
LaTeX Font Info:    Overwriting math alphabet `\mathsf' in version `bold'
(Font)                  OT1/cmss/bx/n --> TU/lmss/b/n on input line 173.
LaTeX Font Info:    Overwriting math alphabet `\mathtt' in version `bold'
(Font)                  OT1/cmtt/m/n --> TU/lmtt/b/n on input line 173.

*geometry* driver: auto-detecting
*geometry* detected driver: xetex
*geometry* verbose mode - [ preamble ] result:
* driver: xetex
* paper: a4paper
* layout: <same size as paper>
* layoutoffset:(h,v)=(0.0pt,0.0pt)
* modes: twoside 
* h-part:(L,W,R)=(99.58464pt, 426.79135pt, 71.13188pt)
* v-part:(T,H,B)=(56.9055pt, 731.23584pt, 56.9055pt)
* \paperwidth=597.50787pt
* \paperheight=845.04684pt
* \textwidth=426.79135pt
* \textheight=731.23584pt
* \oddsidemargin=27.31465pt
* \evensidemargin=-1.1381pt
* \topmargin=-52.36449pt
* \headheight=10.0pt
* \headsep=25.0pt
* \topskip=10.0pt
* \footskip=30.0pt
* \marginparwidth=111.0pt
* \marginparsep=11.0pt
* \columnsep=10.0pt
* \skip\footins=11.69997pt plus 5.19942pt minus 2.60054pt
* \hoffset=0.0pt
* \voffset=0.0pt
* \mag=1000
* \@twocolumnfalse
* \@twosidetrue
* \@mparswitchtrue
* \@reversemarginfalse
* (1in=72.27pt=25.4mm, 1cm=28.453pt)

Package caption Info: Begin \AtBeginDocument code.
Package caption Info: float package is loaded.
Package caption Info: hyperref package is loaded.
Package caption Info: hypcap package is loaded.
Package caption Info: listings package is loaded.
Package caption Info: longtable package is loaded.
(C:\Users\Admin\AppData\Local\Programs\MiKTeX\tex/latex/caption\ltcaption.sty
Package: ltcaption 2021/01/08 v1.4c longtable captions (AR)
)
Package caption Info: supertabular package is loaded.
Package caption Info: End \AtBeginDocument code.
\c@lstlisting=\count530
Package tocbasic Info: setting babel extension for `lol' on input line 173.
Package biblatex Info: Trying to load language 'vietnamese'...
Package biblatex Info: ... file 'vietnamese.lbx' not found.


Package biblatex Warning: Language 'vietnamese' not supported.
(biblatex)                Using dummy definitions on input line 173.

Package biblatex Info: XeTeX detected.
(biblatex)             Assuming input encoding 'utf8'.
Package biblatex Info: Automatic encoding selection.
(biblatex)             Assuming data encoding 'utf8'.
Package biblatex Info: XeTeX detected.
(biblatex)             Assuming input encoding 'utf8'.
Package biblatex Info: Data encoding 'utf8' specified.
(biblatex)             No need to reencode data.
\openout4 = `DoAn-blx.bib'.

Package biblatex Info: Trying to load bibliographic data...
Package biblatex Info: ... file 'DoAn.bbl' found.
(DoAn.bbl)
Package biblatex Info: Reference section=0 on input line 173.
Package biblatex Info: Reference segment=0 on input line 173.
Package hyperref Info: Link coloring OFF on input line 173.
 (DoAn.out) (DoAn.out)
\@outlinefile=\write5
\openout5 = `DoAn.out'.

 (Bia.tex
LaTeX Font Info:    Calculating math sizes for size <13> on input line 42.


LaTeX Font Warning: Font shape `OML/cmm/m/it' in size <13> not available
(Font)              size <12> substituted on input line 42.


LaTeX Font Warning: Font shape `OML/cmm/m/it' in size <6.5> not available
(Font)              size <6> substituted on input line 42.


LaTeX Font Warning: Font shape `OMS/cmsy/m/n' in size <13> not available
(Font)              size <12> substituted on input line 42.


LaTeX Font Warning: Font shape `OMS/cmsy/m/n' in size <6.5> not available
(Font)              size <6> substituted on input line 42.

LaTeX Font Info:    Trying to load font information for U+lasy on input line 42.
(C:\Users\Admin\AppData\Local\Programs\MiKTeX\tex/latex/base\ulasy.fd
File: ulasy.fd 1998/08/17 v2.2e LaTeX symbol font definitions
)

LaTeX Font Warning: Font shape `U/lasy/m/n' in size <13> not available
(Font)              size <12> substituted on input line 42.


LaTeX Font Warning: Font shape `U/lasy/m/n' in size <6.5> not available
(Font)              size <6> substituted on input line 42.

LaTeX Font Info:    Trying to load font information for U+msa on input line 42.
(C:\Users\Admin\AppData\Local\Programs\MiKTeX\tex/latex/amsfonts\umsa.fd
File: umsa.fd 2013/01/14 v3.01 AMS symbols A
)
LaTeX Font Info:    Trying to load font information for U+msb on input line 42.
 (C:\Users\Admin\AppData\Local\Programs\MiKTeX\tex/latex/amsfonts\umsb.fd
File: umsb.fd 2013/01/14 v3.01 AMS symbols B
)

LaTeX Font Warning: Font shape `OT1/cmr/m/n' in size <13> not available
(Font)              size <12> substituted on input line 42.


LaTeX Font Warning: Font shape `OT1/cmr/m/n' in size <6.5> not available
(Font)              size <6> substituted on input line 42.


Underfull \vbox (badness 1558) has occurred while \output is active []

 [1

]) (Bia_lot.tex [1]) (Chuong/0_2_Loi_cam_on.tex) [1] (Chuong/0_3_Tom_tat_noi_dung.tex) [1] (Chuong/0_4_Tom_tat_noi_dung_English.tex
Overfull \hbox (8.91606pt too wide) in paragraph at lines 8--9
\TU/TimesNewRoman(0)/m/n/13 face numerous potential risks due to the lack of specialized management mechanisms.
 []


Overfull \hbox (3.50151pt too wide) in paragraph at lines 8--9
\TU/TimesNewRoman(0)/m/n/13 there are some fragmented solutions such as trip-sharing features or dedicated school
 []


Overfull \hbox (25.181pt too wide) in paragraph at lines 8--9
\TU/TimesNewRoman(0)/m/n/13 wide integration. The root cause is that existing models prioritize speed and convenience,
 []


Overfull \hbox (7.97661pt too wide) in paragraph at lines 8--9
\TU/TimesNewRoman(0)/m/n/13 leaving the safety of child passengers insufficiently addressed in a systematic manner. 
 []


Overfull \hbox (4.57117pt too wide) in paragraph at lines 10--11
\TU/TimesNewRoman(0)/m/n/13 vehicle, real-time trip tracking, and automatic, immediate safety alerts sent to parents
 []


Overfull \hbox (4.59964pt too wide) in paragraph at lines 12--13
\TU/TimesNewRoman(0)/m/n/13 driver–passenger matching functionality but also incorporates advanced safety tools.
 []

) [1] (DoAn.toc
Overfull \hbox (337.59453pt too wide) in paragraph at lines 9--9
|[][] 
 []


Overfull \hbox (337.59453pt too wide) in paragraph at lines 10--10
[]|[][] 
 []


LaTeX Font Warning: Font shape `TU/TimesNewRoman(0)/b/sc' undefined
(Font)              using `TU/TimesNewRoman(0)/b/n' instead on input line 11.


Underfull \vbox (badness 1062) has occurred while \output is active []

 [1

]
Underfull \vbox (badness 10000) has occurred while \output is active []

 [2]
Underfull \vbox (badness 10000) has occurred while \output is active []

 [3])
\tf@toc=\write6
\openout6 = `DoAn.toc'.

 [4] (DoAn.lof)
\tf@lof=\write7
\openout7 = `DoAn.lof'.

 [5



] (DoAn.lot)
\tf@lot=\write8
\openout8 = `DoAn.lot'.

 [6

] (Chuong/0_5_Danh_muc_viet_tat.tex
Underfull \hbox (badness 10000) in paragraph at lines 7--7
[]|\TU/TimesNewRoman(0)/m/n/13 Application Programming
 []


Overfull \hbox (20.11937pt too wide) in alignment at lines 3--20
 [] [] [] 
 []

) [7

] (Chuong/0_6_Thuat_ngu.tex
Overfull \hbox (39.36633pt too wide) in alignment at lines 3--15
 [] [] 
 []

) [8

]
Chương 1.
(Chuong/1_Gioi_thieu.tex
Overfull \hbox (9.68839pt too wide) in paragraph at lines 28--29
\TU/TimesNewRoman(0)/m/n/13 dạng (câu hỏi bảo mật, hình ảnh đón trả, mã OTP) và tích hợp API của OpenStreetMap
 []


Underfull \vbox (badness 10000) has occurred while \output is active []

 [1

]
Underfull \vbox (badness 10000) has occurred while \output is active []



Package fancyhdr Warning: \headheight is too small (10.0pt): 
(fancyhdr)                Make it at least 16.2645pt, for example:
(fancyhdr)                \setlength{\headheight}{16.2645pt}.
(fancyhdr)                You might also make \topmargin smaller:
(fancyhdr)                \addtolength{\topmargin}{-6.2645pt}.

[2])

Package fancyhdr Warning: \headheight is too small (10.0pt): 
(fancyhdr)                Make it at least 16.2645pt, for example:
(fancyhdr)                \setlength{\headheight}{16.2645pt}.
(fancyhdr)                You might also make \topmargin smaller:
(fancyhdr)                \addtolength{\topmargin}{-6.2645pt}.

[3]
Chương 2.
(Chuong/2_Khao_sat.tex
Overfull \hbox (6.3875pt too wide) in paragraph at lines 17--18
[]\TU/TimesNewRoman(0)/m/it/13 Ưu điểm: \TU/TimesNewRoman(0)/m/n/13 Tuyến đường cố định, thường đi kèm với người giám sát (monitor)
 []


Underfull \vbox (badness 10000) has occurred while \output is active []

 [4

]
File: Hinhve/UseCaseTongQuat.png Graphic file (type bmp)
<Hinhve/UseCaseTongQuat.png>

Underfull \vbox (badness 10000) has occurred while \output is active []



Package fancyhdr Warning: \headheight is too small (10.0pt): 
(fancyhdr)                Make it at least 16.2645pt, for example:
(fancyhdr)                \setlength{\headheight}{16.2645pt}.
(fancyhdr)                You might also make \topmargin smaller:
(fancyhdr)                \addtolength{\topmargin}{-6.2645pt}.

[5]
File: Hinhve/UseCasePhanRaXacThuc.png Graphic file (type bmp)
<Hinhve/UseCasePhanRaXacThuc.png>


Package fancyhdr Warning: \headheight is too small (10.0pt): 
(fancyhdr)                Make it at least 16.2645pt, for example:
(fancyhdr)                \setlength{\headheight}{16.2645pt}.
(fancyhdr)                You might also make \topmargin smaller:
(fancyhdr)                \addtolength{\topmargin}{-6.2645pt}.

[6]
File: Hinhve/UseCasePhanRaQuanLyHoSoTreEm.png Graphic file (type bmp)
<Hinhve/UseCasePhanRaQuanLyHoSoTreEm.png>


Package fancyhdr Warning: \headheight is too small (10.0pt): 
(fancyhdr)                Make it at least 16.2645pt, for example:
(fancyhdr)                \setlength{\headheight}{16.2645pt}.
(fancyhdr)                You might also make \topmargin smaller:
(fancyhdr)                \addtolength{\topmargin}{-6.2645pt}.

[7]
File: Hinhve/UsecasePhanRaDatChuyenLenLich.png Graphic file (type bmp)
<Hinhve/UsecasePhanRaDatChuyenLenLich.png>


Package fancyhdr Warning: \headheight is too small (10.0pt): 
(fancyhdr)                Make it at least 16.2645pt, for example:
(fancyhdr)                \setlength{\headheight}{16.2645pt}.
(fancyhdr)                You might also make \topmargin smaller:
(fancyhdr)                \addtolength{\topmargin}{-6.2645pt}.

[8]
File: Hinhve/UseCasePhanRaNhanThucHienChuyen.png Graphic file (type bmp)
<Hinhve/UseCasePhanRaNhanThucHienChuyen.png>


Package fancyhdr Warning: \headheight is too small (10.0pt): 
(fancyhdr)                Make it at least 16.2645pt, for example:
(fancyhdr)                \setlength{\headheight}{16.2645pt}.
(fancyhdr)                You might also make \topmargin smaller:
(fancyhdr)                \addtolength{\topmargin}{-6.2645pt}.

[9]
File: Hinhve/UseCasePhanRaXacThucAnToan.png Graphic file (type bmp)
<Hinhve/UseCasePhanRaXacThucAnToan.png>


Package fancyhdr Warning: \headheight is too small (10.0pt): 
(fancyhdr)                Make it at least 16.2645pt, for example:
(fancyhdr)                \setlength{\headheight}{16.2645pt}.
(fancyhdr)                You might also make \topmargin smaller:
(fancyhdr)                \addtolength{\topmargin}{-6.2645pt}.

[10]
Underfull \vbox (badness 10000) has occurred while \output is active []



Package fancyhdr Warning: \headheight is too small (10.0pt): 
(fancyhdr)                Make it at least 16.2645pt, for example:
(fancyhdr)                \setlength{\headheight}{16.2645pt}.
(fancyhdr)                You might also make \topmargin smaller:
(fancyhdr)                \addtolength{\topmargin}{-6.2645pt}.

[11]
Underfull \vbox (badness 10000) has occurred while \output is active []



Package fancyhdr Warning: \headheight is too small (10.0pt): 
(fancyhdr)                Make it at least 16.2645pt, for example:
(fancyhdr)                \setlength{\headheight}{16.2645pt}.
(fancyhdr)                You might also make \topmargin smaller:
(fancyhdr)                \addtolength{\topmargin}{-6.2645pt}.

[12]
Underfull \vbox (badness 10000) has occurred while \output is active []



Package fancyhdr Warning: \headheight is too small (10.0pt): 
(fancyhdr)                Make it at least 16.2645pt, for example:
(fancyhdr)                \setlength{\headheight}{16.2645pt}.
(fancyhdr)                You might also make \topmargin smaller:
(fancyhdr)                \addtolength{\topmargin}{-6.2645pt}.

[13]
Underfull \vbox (badness 10000) has occurred while \output is active []



Package fancyhdr Warning: \headheight is too small (10.0pt): 
(fancyhdr)                Make it at least 16.2645pt, for example:
(fancyhdr)                \setlength{\headheight}{16.2645pt}.
(fancyhdr)                You might also make \topmargin smaller:
(fancyhdr)                \addtolength{\topmargin}{-6.2645pt}.

[14]
Underfull \vbox (badness 10000) has occurred while \output is active []



Package fancyhdr Warning: \headheight is too small (10.0pt): 
(fancyhdr)                Make it at least 16.2645pt, for example:
(fancyhdr)                \setlength{\headheight}{16.2645pt}.
(fancyhdr)                You might also make \topmargin smaller:
(fancyhdr)                \addtolength{\topmargin}{-6.2645pt}.

[15]
Underfull \vbox (badness 10000) has occurred while \output is active []



Package fancyhdr Warning: \headheight is too small (10.0pt): 
(fancyhdr)                Make it at least 16.2645pt, for example:
(fancyhdr)                \setlength{\headheight}{16.2645pt}.
(fancyhdr)                You might also make \topmargin smaller:
(fancyhdr)                \addtolength{\topmargin}{-6.2645pt}.

[16])

Package fancyhdr Warning: \headheight is too small (10.0pt): 
(fancyhdr)                Make it at least 16.2645pt, for example:
(fancyhdr)                \setlength{\headheight}{16.2645pt}.
(fancyhdr)                You might also make \topmargin smaller:
(fancyhdr)                \addtolength{\topmargin}{-6.2645pt}.

[17]
Chương 3.
(Chuong/3_Cong_nghe.tex
Underfull \vbox (badness 10000) has occurred while \output is active []

 [18

]
Underfull \vbox (badness 10000) has occurred while \output is active []



Package fancyhdr Warning: \headheight is too small (10.0pt): 
(fancyhdr)                Make it at least 16.2645pt, for example:
(fancyhdr)                \setlength{\headheight}{16.2645pt}.
(fancyhdr)                You might also make \topmargin smaller:
(fancyhdr)                \addtolength{\topmargin}{-6.2645pt}.

[19])

Package fancyhdr Warning: \headheight is too small (10.0pt): 
(fancyhdr)                Make it at least 16.2645pt, for example:
(fancyhdr)                \setlength{\headheight}{16.2645pt}.
(fancyhdr)                You might also make \topmargin smaller:
(fancyhdr)                \addtolength{\topmargin}{-6.2645pt}.

[20]
Chương 4.
(Chuong/4_Ket_qua_thuc_nghiem.tex
Overfull \hbox (1.63591pt too wide) in paragraph at lines 11--13
[]\TU/TimesNewRoman(0)/b/sc/13 Áp dụng vào hệ thống KidGo: \TU/TimesNewRoman(0)/m/n/13 Trong dự án này, toàn bộ mã nguồn phía Backend
 []


Underfull \vbox (badness 10000) has occurred while \output is active []

 [21

]
File: Hinhve/BieuDoGoiTongQuan.png Graphic file (type bmp)
<Hinhve/BieuDoGoiTongQuan.png>

Underfull \vbox (badness 1320) has occurred while \output is active []



Package fancyhdr Warning: \headheight is too small (10.0pt): 
(fancyhdr)                Make it at least 31.86446pt, for example:
(fancyhdr)                \setlength{\headheight}{31.86446pt}.
(fancyhdr)                You might also make \topmargin smaller:
(fancyhdr)                \addtolength{\topmargin}{-21.86446pt}.

[22]
Underfull \vbox (badness 10000) has occurred while \output is active []



Package fancyhdr Warning: \headheight is too small (10.0pt): 
(fancyhdr)                Make it at least 31.86446pt, for example:
(fancyhdr)                \setlength{\headheight}{31.86446pt}.
(fancyhdr)                You might also make \topmargin smaller:
(fancyhdr)                \addtolength{\topmargin}{-21.86446pt}.

[23]
File: Hinhve/BieuDoGoiAccount.png Graphic file (type bmp)
<Hinhve/BieuDoGoiAccount.png>

Overfull \hbox (0.2555pt too wide) in paragraph at lines 78--79
[]\TU/TimesNewRoman(0)/b/sc/13 Quan hệ Kết hợp (Association) giữa Driver và Vehicle\TU/TimesNewRoman(0)/m/n/13 : Mỗi Tài xế (\TU/lmtt/m/n/13 Driver\TU/TimesNewRoman(0)/m/n/13 )
 []


Overfull \hbox (1.44817pt too wide) in paragraph at lines 79--80
[]\TU/TimesNewRoman(0)/b/sc/13 Quan hệ Kết hợp (Association) cho PreferredDriver\TU/TimesNewRoman(0)/m/n/13 : Một Phụ huynh (\TU/lmtt/m/n/13 User\TU/TimesNewRoman(0)/m/n/13 )
 []


Underfull \vbox (badness 3579) has occurred while \output is active []



Package fancyhdr Warning: \headheight is too small (10.0pt): 
(fancyhdr)                Make it at least 31.86446pt, for example:
(fancyhdr)                \setlength{\headheight}{31.86446pt}.
(fancyhdr)                You might also make \topmargin smaller:
(fancyhdr)                \addtolength{\topmargin}{-21.86446pt}.

[24]
File: Hinhve/BieuDoGoiTrip.png Graphic file (type bmp)
<Hinhve/BieuDoGoiTrip.png>
File: Hinhve/BieuDoGoiPayment.png Graphic file (type bmp)
<Hinhve/BieuDoGoiPayment.png>

Underfull \vbox (badness 10000) has occurred while \output is active []



Package fancyhdr Warning: \headheight is too small (10.0pt): 
(fancyhdr)                Make it at least 31.86446pt, for example:
(fancyhdr)                \setlength{\headheight}{31.86446pt}.
(fancyhdr)                You might also make \topmargin smaller:
(fancyhdr)                \addtolength{\topmargin}{-21.86446pt}.

[25]
Overfull \hbox (13.26851pt too wide) in paragraph at lines 111--112
\TU/TimesNewRoman(0)/m/n/13 Người dùng có thể thực hiện thanh toán trực tiếp cho một chuyến xe lẻ (\TU/lmtt/m/n/13 Trip\TU/TimesNewRoman(0)/m/n/13 )hoặc
 []


Overfull \hbox (12.90201pt too wide) in paragraph at lines 111--112
\TU/TimesNewRoman(0)/m/n/13 Nếu người dùng muốn đặt nhiều chuyến, họ sẽ đăng ký gói cước (\TU/lmtt/m/n/13 Subscription\TU/TimesNewRoman(0)/m/n/13 )
 []

File: Hinhve/BieuDoGoiSupport.png Graphic file (type bmp)
<Hinhve/BieuDoGoiSupport.png>
File: Hinhve/BieuDoGoiNotification.png Graphic file (type bmp)
<Hinhve/BieuDoGoiNotification.png>

Underfull \vbox (badness 10000) has occurred while \output is active []



Package fancyhdr Warning: \headheight is too small (10.0pt): 
(fancyhdr)                Make it at least 31.86446pt, for example:
(fancyhdr)                \setlength{\headheight}{31.86446pt}.
(fancyhdr)                You might also make \topmargin smaller:
(fancyhdr)                \addtolength{\topmargin}{-21.86446pt}.

[26]
Overfull \hbox (11.77463pt too wide) in paragraph at lines 139--142
\TU/TimesNewRoman(0)/m/n/13 cho thiết bị di động (Mobile-First Design) thông qua ứng dụng Web (PWA/Responsive
 []


Underfull \vbox (badness 5345) has occurred while \output is active []



Package fancyhdr Warning: \headheight is too small (10.0pt): 
(fancyhdr)                Make it at least 31.86446pt, for example:
(fancyhdr)                \setlength{\headheight}{31.86446pt}.
(fancyhdr)                You might also make \topmargin smaller:
(fancyhdr)                \addtolength{\topmargin}{-21.86446pt}.

[27]
Overfull \hbox (64.0803pt too wide) in paragraph at lines 159--160
\TU/TimesNewRoman(0)/m/n/13 (\TU/lmtt/m/n/13 fixed top-0\TU/TimesNewRoman(0)/m/n/13 , \TU/lmtt/m/n/13 fixed bottom-0\TU/TimesNewRoman(0)/m/n/13 ) với nền trắng trong suốt làm mờ (\TU/lmtt/m/n/13 backdrop-blur-md\TU/TimesNewRoman(0)/m/n/13 ),
 []

File: Hinhve/ManHinhTrangChuVaDatXe.png Graphic file (type bmp)
<Hinhve/ManHinhTrangChuVaDatXe.png>

Underfull \vbox (badness 10000) has occurred while \output is active []



Package fancyhdr Warning: \headheight is too small (10.0pt): 
(fancyhdr)                Make it at least 31.86446pt, for example:
(fancyhdr)                \setlength{\headheight}{31.86446pt}.
(fancyhdr)                You might also make \topmargin smaller:
(fancyhdr)                \addtolength{\topmargin}{-21.86446pt}.

[28]
File: Hinhve/ManHinhTaiXeTrongChuyenXe.png Graphic file (type bmp)
<Hinhve/ManHinhTaiXeTrongChuyenXe.png>
File: Hinhve/ManHinhAdmin.png Graphic file (type bmp)
<Hinhve/ManHinhAdmin.png>

Underfull \vbox (badness 1590) has occurred while \output is active []



Package fancyhdr Warning: \headheight is too small (10.0pt): 
(fancyhdr)                Make it at least 31.86446pt, for example:
(fancyhdr)                \setlength{\headheight}{31.86446pt}.
(fancyhdr)                You might also make \topmargin smaller:
(fancyhdr)                \addtolength{\topmargin}{-21.86446pt}.

[29]
LaTeX Font Info:    Font shape `TU/lmtt/bx/n' in size <13> not available
(Font)              Font shape `TU/lmtt/b/n' tried instead on input line 191.

Overfull \hbox (105.61148pt too wide) in paragraph at lines 195--196
[]\TU/TimesNewRoman(0)/m/it/13 Phương thức nghiệp vụ: \TU/lmtt/m/n/13 register(data)\TU/TimesNewRoman(0)/m/n/13 , \TU/lmtt/m/n/13 login(phone, password)\TU/TimesNewRoman(0)/m/n/13 , \TU/lmtt/m/n/13 getCurrentProfile()\TU/TimesNewRoman(0)/m/n/13 ,
 []


Overfull \hbox (41.80711pt too wide) in paragraph at lines 201--202
\TU/TimesNewRoman(0)/m/n/13 pending, active, suspended, rejected), \TU/lmtt/m/n/13 isOnline \TU/TimesNewRoman(0)/m/n/13 (Sẵn sàng nhận chuyến), \TU/lmtt/m/n/13 rideStatus
 []


Overfull \hbox (54.79095pt too wide) in paragraph at lines 201--202
\TU/TimesNewRoman(0)/m/n/13 (Trạng thái chuyến đi), \TU/lmtt/m/n/13 currentLocation \TU/TimesNewRoman(0)/m/n/13 (Tọa độ GPS hiện tại), \TU/lmtt/m/n/13 certificationLevel
 []


Underfull \vbox (badness 10000) has occurred while \output is active []



Package fancyhdr Warning: \headheight is too small (10.0pt): 
(fancyhdr)                Make it at least 31.86446pt, for example:
(fancyhdr)                \setlength{\headheight}{31.86446pt}.
(fancyhdr)                You might also make \topmargin smaller:
(fancyhdr)                \addtolength{\topmargin}{-21.86446pt}.

[30]
Overfull \hbox (53.3287pt too wide) in paragraph at lines 202--203
[]\TU/TimesNewRoman(0)/m/it/13 Phương thức nghiệp vụ: \TU/lmtt/m/n/13 updateLocation(lat, lng)\TU/TimesNewRoman(0)/m/n/13 , \TU/lmtt/m/n/13 acceptBooking(bookingId)\TU/TimesNewRoman(0)/m/n/13 ,
 []


Overfull \hbox (60.85916pt too wide) in paragraph at lines 202--203
\TU/lmtt/m/n/13 rejectBooking(bookingId)\TU/TimesNewRoman(0)/m/n/13 , \TU/lmtt/m/n/13 getDriverProfile()\TU/TimesNewRoman(0)/m/n/13 , \TU/lmtt/m/n/13 updateDriverProfile(data)\TU/TimesNewRoman(0)/m/n/13 . 
 []


Overfull \hbox (36.6887pt too wide) in paragraph at lines 209--210
[]\TU/TimesNewRoman(0)/m/it/13 Phương thức nghiệp vụ: \TU/lmtt/m/n/13 createBooking(data)\TU/TimesNewRoman(0)/m/n/13 , \TU/lmtt/m/n/13 findAvailableDrivers(route,
 []


Overfull \hbox (12.92291pt too wide) in paragraph at lines 215--216
\TU/lmtt/m/n/13 kidId \TU/TimesNewRoman(0)/m/n/13 (Trẻ em), \TU/lmtt/m/n/13 status \TU/TimesNewRoman(0)/m/n/13 (scheduled, picking_up, waiting, verifying, in_progress,
 []


Overfull \hbox (119.00146pt too wide) in paragraph at lines 216--217
[]\TU/TimesNewRoman(0)/m/it/13 Phương thức nghiệp vụ: \TU/lmtt/m/n/13 startTrip()\TU/TimesNewRoman(0)/m/n/13 , \TU/lmtt/m/n/13 verifyPickup(otp, photo)\TU/TimesNewRoman(0)/m/n/13 , \TU/lmtt/m/n/13 completeDropoff(photo)\TU/TimesNewRoman(0)/m/n/13 . 
 []

File: Hinhve/BieuDoTrinhTuDatXe.png Graphic file (type bmp)
<Hinhve/BieuDoTrinhTuDatXe.png>

Underfull \vbox (badness 10000) has occurred while \output is active []



Package fancyhdr Warning: \headheight is too small (10.0pt): 
(fancyhdr)                Make it at least 31.86446pt, for example:
(fancyhdr)                \setlength{\headheight}{31.86446pt}.
(fancyhdr)                You might also make \topmargin smaller:
(fancyhdr)                \addtolength{\topmargin}{-21.86446pt}.

[31]
Overfull \hbox (20.06894pt too wide) in paragraph at lines 229--230
[]\TU/TimesNewRoman(0)/m/it/13 Mô tả luồng: \TU/TimesNewRoman(0)/m/n/13 Phụ huynh gửi yêu cầu đặt xe lên hệ thống thông qua \TU/lmtt/m/n/13 BookingService\TU/TimesNewRoman(0)/m/n/13 .
 []

File: Hinhve/BieuDoTrinhTuThucHienChuyenDi.png Graphic file (type bmp)
<Hinhve/BieuDoTrinhTuThucHienChuyenDi.png>

Package fancyhdr Warning: \headheight is too small (10.0pt): 
(fancyhdr)                Make it at least 31.86446pt, for example:
(fancyhdr)                \setlength{\headheight}{31.86446pt}.
(fancyhdr)                You might also make \topmargin smaller:
(fancyhdr)                \addtolength{\topmargin}{-21.86446pt}.

[32]
File: Hinhve/BieuDoER.png Graphic file (type bmp)
<Hinhve/BieuDoER.png>


Package fancyhdr Warning: \headheight is too small (10.0pt): 
(fancyhdr)                Make it at least 31.86446pt, for example:
(fancyhdr)                \setlength{\headheight}{31.86446pt}.
(fancyhdr)                You might also make \topmargin smaller:
(fancyhdr)                \addtolength{\topmargin}{-21.86446pt}.

[33]
Overfull \hbox (51.19952pt too wide) in paragraph at lines 256--257
[]\TU/TimesNewRoman(0)/b/sc/13 BOOKING - TRIP_SCHEDULE (N-1): \TU/TimesNewRoman(0)/m/n/13 Một lịch trình đặt xe định kỳ (\TU/lmtt/m/n/13 TripSchedule\TU/TimesNewRoman(0)/m/n/13 )
 []


Overfull \hbox (27.77278pt too wide) in paragraph at lines 262--263
[]\TU/TimesNewRoman(0)/b/sc/13 2. Giai đoạn thiết lập nhu cầu (Booking, TripSchedule, Subscription, Payment):
 []


Package fancyhdr Warning: \headheight is too small (10.0pt): 
(fancyhdr)                Make it at least 31.86446pt, for example:
(fancyhdr)                \setlength{\headheight}{31.86446pt}.
(fancyhdr)                You might also make \topmargin smaller:
(fancyhdr)                \addtolength{\topmargin}{-21.86446pt}.

[34]
Underfull \hbox (badness 6445) in paragraph at lines 278--278
[]|\TU/TimesNewRoman(0)/b/sc/13 Ràng buộc / Mặc
 []


Underfull \hbox (badness 10000) in paragraph at lines 281--281
[]|\TU/TimesNewRoman(0)/m/n/13 Unique, Required,
 []


Underfull \hbox (badness 10000) in paragraph at lines 285--285
[]|\TU/TimesNewRoman(0)/m/n/13 Enum (\TU/lmtt/m/n/13 parent\TU/TimesNewRoman(0)/m/n/13 ,
 []


Overfull \hbox (8.72485pt too wide) in paragraph at lines 276--292
 [][] 
 []


Package fancyhdr Warning: \headheight is too small (10.0pt): 
(fancyhdr)                Make it at least 31.86446pt, for example:
(fancyhdr)                \setlength{\headheight}{31.86446pt}.
(fancyhdr)                You might also make \topmargin smaller:
(fancyhdr)                \addtolength{\topmargin}{-21.86446pt}.

[35]
Underfull \hbox (badness 6445) in paragraph at lines 301--301
[]|\TU/TimesNewRoman(0)/b/sc/13 Ràng buộc / Mặc
 []


Overfull \hbox (45.27441pt too wide) in paragraph at lines 299--320
 [][] 
 []


Package fancyhdr Warning: \headheight is too small (10.0pt): 
(fancyhdr)                Make it at least 31.86446pt, for example:
(fancyhdr)                \setlength{\headheight}{31.86446pt}.
(fancyhdr)                You might also make \topmargin smaller:
(fancyhdr)                \addtolength{\topmargin}{-21.86446pt}.

[36]
Underfull \hbox (badness 6445) in paragraph at lines 329--329
[]|\TU/TimesNewRoman(0)/b/sc/13 Ràng buộc / Mặc
 []


Underfull \hbox (badness 10000) in paragraph at lines 334--334
[]|\TU/TimesNewRoman(0)/m/n/13 Enum, Default:
 []


Underfull \hbox (badness 10000) in paragraph at lines 336--336
[]|\TU/TimesNewRoman(0)/m/n/13 Trạng thái cuốc (\TU/lmtt/m/n/13 free\TU/TimesNewRoman(0)/m/n/13 ,
 []


Underfull \hbox (badness 10000) in paragraph at lines 338--338
[]|\TU/TimesNewRoman(0)/m/n/13 Min: 0, Max: 5,
 []


Underfull \hbox (badness 1953) in paragraph at lines 339--339
[]|\TU/TimesNewRoman(0)/m/n/13 Tổng số chuyến đã thực
 []


Overfull \hbox (45.27441pt too wide) in paragraph at lines 327--344
 [][] 
 []


Underfull \hbox (badness 6445) in paragraph at lines 352--352
[]|\TU/TimesNewRoman(0)/b/sc/13 Ràng buộc / Mặc
 []


Overfull \hbox (31.88441pt too wide) in paragraph at lines 350--363
 [][] 
 []


Underfull \hbox (badness 6445) in paragraph at lines 372--372
[]|\TU/TimesNewRoman(0)/b/sc/13 Ràng buộc / Mặc
 []


Underfull \hbox (badness 4193) in paragraph at lines 379--379
[]|\TU/TimesNewRoman(0)/m/n/13 Tài xế chính thức nhận
 []


Underfull \hbox (badness 10000) in paragraph at lines 380--380
[]|\TU/TimesNewRoman(0)/m/n/13 Enum, Default:
 []


Underfull \hbox (badness 10000) in paragraph at lines 380--380
[]|\TU/TimesNewRoman(0)/m/n/13 Trạng thái (\TU/lmtt/m/n/13 pending\TU/TimesNewRoman(0)/m/n/13 ,
 []


Underfull \hbox (badness 10000) in paragraph at lines 382--382
[]|\TU/TimesNewRoman(0)/m/n/13 Enum (\TU/lmtt/m/n/13 one_time\TU/TimesNewRoman(0)/m/n/13 ,
 []


Overfull \hbox (38.5794pt too wide) in paragraph at lines 370--386
 [][] 
 []


Package fancyhdr Warning: \headheight is too small (10.0pt): 
(fancyhdr)                Make it at least 31.86446pt, for example:
(fancyhdr)                \setlength{\headheight}{31.86446pt}.
(fancyhdr)                You might also make \topmargin smaller:
(fancyhdr)                \addtolength{\topmargin}{-21.86446pt}.

[37]
Underfull \hbox (badness 6445) in paragraph at lines 394--394
[]|\TU/TimesNewRoman(0)/b/sc/13 Ràng buộc / Mặc
 []


Underfull \hbox (badness 10000) in paragraph at lines 396--396
[]|\TU/TimesNewRoman(0)/m/n/13 Ref: \TU/lmtt/m/n/13 Booking\TU/TimesNewRoman(0)/m/n/13 ,
 []


Underfull \hbox (badness 10000) in paragraph at lines 397--397
[]|\TU/TimesNewRoman(0)/m/n/13 Ref: \TU/lmtt/m/n/13 Driver\TU/TimesNewRoman(0)/m/n/13 ,
 []


Underfull \hbox (badness 10000) in paragraph at lines 400--400
[]|\TU/TimesNewRoman(0)/m/n/13 Ref: \TU/lmtt/m/n/13 Vehicle\TU/TimesNewRoman(0)/m/n/13 ,
 []


Underfull \hbox (badness 10000) in paragraph at lines 402--402
[]|\TU/TimesNewRoman(0)/m/n/13 Enum, Default:
 []


Overfull \hbox (31.88441pt too wide) in paragraph at lines 392--410
 [][] 
 []


Underfull \hbox (badness 6445) in paragraph at lines 417--417
[]|\TU/TimesNewRoman(0)/b/sc/13 Ràng buộc / Mặc
 []


Underfull \hbox (badness 10000) in paragraph at lines 419--419
[]|\TU/TimesNewRoman(0)/m/n/13 Người dùng thực hiện
 []


Underfull \hbox (badness 2229) in paragraph at lines 420--420
[]|\TU/TimesNewRoman(0)/m/n/13 Ref: \TU/lmtt/m/n/13 TripSchedule\TU/TimesNewRoman(0)/m/n/13 ,
 []


Underfull \hbox (badness 10000) in paragraph at lines 423--423
[]|\TU/TimesNewRoman(0)/m/n/13 Enum (\TU/lmtt/m/n/13 cash\TU/TimesNewRoman(0)/m/n/13 ,
 []


Underfull \hbox (badness 10000) in paragraph at lines 424--424
[]|\TU/TimesNewRoman(0)/m/n/13 Enum, Default:
 []


Underfull \hbox (badness 6141) in paragraph at lines 426--426
[]|\TU/TimesNewRoman(0)/m/n/13 Thời điểm tạo yêu cầu
 []


Overfull \hbox (18.49442pt too wide) in paragraph at lines 415--429
 [][] 
 []


Underfull \vbox (badness 5302) has occurred while \output is active []



Package fancyhdr Warning: \headheight is too small (10.0pt): 
(fancyhdr)                Make it at least 31.86446pt, for example:
(fancyhdr)                \setlength{\headheight}{31.86446pt}.
(fancyhdr)                You might also make \topmargin smaller:
(fancyhdr)                \addtolength{\topmargin}{-21.86446pt}.

[38]
Underfull \hbox (badness 6445) in paragraph at lines 437--437
[]|\TU/TimesNewRoman(0)/b/sc/13 Ràng buộc / Mặc
 []


Underfull \hbox (badness 10000) in paragraph at lines 440--440
[]|\TU/TimesNewRoman(0)/m/n/13 Enum (\TU/lmtt/m/n/13 monthly\TU/TimesNewRoman(0)/m/n/13 ,
 []


Underfull \hbox (badness 10000) in paragraph at lines 441--441
[]|\TU/TimesNewRoman(0)/m/n/13 Enum, Default:
 []


Underfull \hbox (badness 10000) in paragraph at lines 445--445
[]|\TU/TimesNewRoman(0)/m/n/13 Ref: \TU/lmtt/m/n/13 Payment\TU/TimesNewRoman(0)/m/n/13 ,
 []


Overfull \hbox (8.72485pt too wide) in paragraph at lines 435--448
 [][] 
 []


Underfull \hbox (badness 6445) in paragraph at lines 456--456
[]|\TU/TimesNewRoman(0)/b/sc/13 Ràng buộc / Mặc
 []


Underfull \hbox (badness 2229) in paragraph at lines 467--467
[]|\TU/TimesNewRoman(0)/m/n/13 Ref: \TU/lmtt/m/n/13 Subscription\TU/TimesNewRoman(0)/m/n/13 ,
 []


Underfull \hbox (badness 10000) in paragraph at lines 468--468
[]|\TU/TimesNewRoman(0)/m/n/13 Ref: \TU/lmtt/m/n/13 Payment\TU/TimesNewRoman(0)/m/n/13 ,
 []


Underfull \hbox (badness 1902) in paragraph at lines 468--468
[]|\TU/TimesNewRoman(0)/m/n/13 Thanh toán gốc của lịch
 []


Overfull \hbox (74.67218pt too wide) in paragraph at lines 454--470
 [][] 
 []


Underfull \vbox (badness 2753) has occurred while \output is active []



Package fancyhdr Warning: \headheight is too small (10.0pt): 
(fancyhdr)                Make it at least 31.86446pt, for example:
(fancyhdr)                \setlength{\headheight}{31.86446pt}.
(fancyhdr)                You might also make \topmargin smaller:
(fancyhdr)                \addtolength{\topmargin}{-21.86446pt}.

[39]
Underfull \hbox (badness 6445) in paragraph at lines 478--478
[]|\TU/TimesNewRoman(0)/b/sc/13 Ràng buộc / Mặc
 []


Underfull \hbox (badness 10000) in paragraph at lines 481--481
[]|\TU/TimesNewRoman(0)/m/n/13 Ref: \TU/lmtt/m/n/13 Driver\TU/TimesNewRoman(0)/m/n/13 ,
 []


Underfull \hbox (badness 10000) in paragraph at lines 483--483
[]|\TU/TimesNewRoman(0)/m/n/13 Min: 1, Max: 5,
 []


Overfull \hbox (8.72485pt too wide) in paragraph at lines 476--486
 [][] 
 []


Package fancyhdr Warning: \headheight is too small (10.0pt): 
(fancyhdr)                Make it at least 31.86446pt, for example:
(fancyhdr)                \setlength{\headheight}{31.86446pt}.
(fancyhdr)                You might also make \topmargin smaller:
(fancyhdr)                \addtolength{\topmargin}{-21.86446pt}.

[40]
Underfull \hbox (badness 6445) in paragraph at lines 495--495
[]|\TU/TimesNewRoman(0)/b/sc/13 Ràng buộc / Mặc
 []


Underfull \hbox (badness 10000) in paragraph at lines 498--498
[]|\TU/TimesNewRoman(0)/m/n/13 Required, Max
 []


Underfull \hbox (badness 10000) in paragraph at lines 499--499
[]|\TU/TimesNewRoman(0)/m/n/13 Required, Max
 []


Underfull \hbox (badness 10000) in paragraph at lines 501--501
[]|\TU/TimesNewRoman(0)/m/n/13 Enum (\TU/lmtt/m/n/13 PENDING\TU/TimesNewRoman(0)/m/n/13 ,
 []


Underfull \hbox (badness 7415) in paragraph at lines 501--501
\TU/lmtt/m/n/13 RESOLVED\TU/TimesNewRoman(0)/m/n/13 ), Default:
 []


Overfull \hbox (8.72485pt too wide) in paragraph at lines 493--505
 [][] 
 []


Underfull \hbox (badness 6445) in paragraph at lines 513--513
[]|\TU/TimesNewRoman(0)/b/sc/13 Ràng buộc / Mặc
 []


Underfull \hbox (badness 10000) in paragraph at lines 517--517
[]|\TU/TimesNewRoman(0)/m/n/13 Ref: \TU/lmtt/m/n/13 Driver\TU/TimesNewRoman(0)/m/n/13 ,
 []


Underfull \hbox (badness 10000) in paragraph at lines 518--518
[]|\TU/TimesNewRoman(0)/m/n/13 Min: 1, Max: 5,
 []


Overfull \hbox (34.00122pt too wide) in paragraph at lines 511--523
 [][] 
 []


Package fancyhdr Warning: \headheight is too small (10.0pt): 
(fancyhdr)                Make it at least 31.86446pt, for example:
(fancyhdr)                \setlength{\headheight}{31.86446pt}.
(fancyhdr)                You might also make \topmargin smaller:
(fancyhdr)                \addtolength{\topmargin}{-21.86446pt}.

[41]
Underfull \hbox (badness 4543) in paragraph at lines 544--544
[]|\TU/TimesNewRoman(0)/m/n/13 Nền tảng runtime cho Backend
 []


Underfull \hbox (badness 2073) in paragraph at lines 568--568
[]|\TU/TimesNewRoman(0)/m/n/13 Công cụ ODM giúp kết nối và
 []


Underfull \hbox (badness 3977) in paragraph at lines 568--568
[]|\TU/TimesNewRoman(0)/m/n/13 Mã hóa và giải mã thông báo
 []


Underfull \vbox (badness 10000) has occurred while \output is active []



Package fancyhdr Warning: \headheight is too small (10.0pt): 
(fancyhdr)                Make it at least 31.86446pt, for example:
(fancyhdr)                \setlength{\headheight}{31.86446pt}.
(fancyhdr)                You might also make \topmargin smaller:
(fancyhdr)                \addtolength{\topmargin}{-21.86446pt}.

[42]
Underfull \hbox (badness 10000) in paragraph at lines 592--592
[]|\TU/TimesNewRoman(0)/m/n/13 Thư viện Javascript xây dựng
 []


Underfull \hbox (badness 4366) in paragraph at lines 592--592
\TU/TimesNewRoman(0)/m/n/13 giao diện chia nhỏ thành phần
 []


Underfull \hbox (badness 1137) in paragraph at lines 592--592
[]|\TU/TimesNewRoman(0)/m/n/13 Thư viện quản lý state toàn cục
 []


Underfull \hbox (badness 2012) in paragraph at lines 592--592
\TU/TimesNewRoman(0)/m/n/13 (Global State) gọn nhẹ thay thế
 []


Underfull \hbox (badness 2027) in paragraph at lines 592--592
[]|\TU/TimesNewRoman(0)/m/n/13 Gọi API dịch vụ tìm đường và
 []


Underfull \hbox (badness 2269) in paragraph at lines 592--592
[]|\TU/TimesNewRoman(0)/m/n/13 Giải mã chuỗi polyline nhận từ
 []


Underfull \hbox (badness 10000) in paragraph at lines 592--592
\TU/TimesNewRoman(0)/m/n/13 (GET, POST, PUT) gửi lên
 []


Underfull \vbox (badness 10000) has occurred while \output is active []



Package fancyhdr Warning: \headheight is too small (10.0pt): 
(fancyhdr)                Make it at least 31.86446pt, for example:
(fancyhdr)                \setlength{\headheight}{31.86446pt}.
(fancyhdr)                You might also make \topmargin smaller:
(fancyhdr)                \addtolength{\topmargin}{-21.86446pt}.

[43]

Package fancyhdr Warning: \headheight is too small (10.0pt): 
(fancyhdr)                Make it at least 31.86446pt, for example:
(fancyhdr)                \setlength{\headheight}{31.86446pt}.
(fancyhdr)                You might also make \topmargin smaller:
(fancyhdr)                \addtolength{\topmargin}{-21.86446pt}.

[44]

Package fancyhdr Warning: \headheight is too small (10.0pt): 
(fancyhdr)                Make it at least 31.86446pt, for example:
(fancyhdr)                \setlength{\headheight}{31.86446pt}.
(fancyhdr)                You might also make \topmargin smaller:
(fancyhdr)                \addtolength{\topmargin}{-21.86446pt}.

[45]
Underfull \hbox (badness 1552) in paragraph at lines 631--631
[]|\TU/TimesNewRoman(0)/m/n/13 Tốc độ tài xế gửi lên
 []


Underfull \hbox (badness 10000) in paragraph at lines 632--632
[]|\TU/TimesNewRoman(0)/m/n/13 Cảnh báo nguy
 []


Underfull \hbox (badness 10000) in paragraph at lines 633--633
[]|\TU/TimesNewRoman(0)/m/n/13 Dừng đỗ bất
 []


Underfull \hbox (badness 4217) in paragraph at lines 635--635
[]|\TU/TimesNewRoman(0)/m/n/13 Tọa độ hiện tại cách
 []


Underfull \hbox (badness 2941) in paragraph at lines 635--635
[]|\TU/TimesNewRoman(0)/m/n/13 Radar ghi nhận chệch
 []


Overfull \hbox (89.97414pt too wide) in paragraph at lines 628--637
 [][] 
 []


Package fancyhdr Warning: \headheight is too small (10.0pt): 
(fancyhdr)                Make it at least 31.86446pt, for example:
(fancyhdr)                \setlength{\headheight}{31.86446pt}.
(fancyhdr)                You might also make \topmargin smaller:
(fancyhdr)                \addtolength{\topmargin}{-21.86446pt}.

[46]
Underfull \hbox (badness 10000) in paragraph at lines 649--649
[]|\TU/TimesNewRoman(0)/m/n/13 Xác thực OTP
 []


Underfull \hbox (badness 10000) in paragraph at lines 651--651
[]|\TU/TimesNewRoman(0)/m/n/13 Tải ảnh minh
 []


Underfull \hbox (badness 10000) in paragraph at lines 652--652
[]|\TU/TimesNewRoman(0)/m/n/13 Chuyển trạng thái
 []


Underfull \hbox (badness 10000) in paragraph at lines 652--652
\TU/lmtt/m/n/13 securityQuestion
 []


Underfull \hbox (badness 2799) in paragraph at lines 653--653
[]|\TU/TimesNewRoman(0)/m/n/13 Các yêu cầu bảo mật
 []


Underfull \hbox (badness 10000) in paragraph at lines 653--653
[]|\TU/TimesNewRoman(0)/m/n/13 Cho phép bắt đầu
 []


Underfull \hbox (badness 10000) in paragraph at lines 653--653
\TU/TimesNewRoman(0)/m/n/13 chuyến (\TU/lmtt/m/n/13 status =
 []


Underfull \hbox (badness 10000) in paragraph at lines 653--653
\TU/lmtt/m/n/13 in_progress\TU/TimesNewRoman(0)/m/n/13 ), thông
 []


Underfull \hbox (badness 10000) in paragraph at lines 654--654
[]|\TU/TimesNewRoman(0)/m/n/13 Ràng buộc bắt
 []


Underfull \hbox (badness 2285) in paragraph at lines 654--654
\TU/TimesNewRoman(0)/m/n/13 bảo mật nhưng tài xế
 []


Underfull \hbox (badness 1184) in paragraph at lines 654--654
\TU/TimesNewRoman(0)/m/n/13 câu hỏi”, từ chối khởi
 []


Overfull \hbox (89.97414pt too wide) in paragraph at lines 646--656
 [][] 
 []


Package fancyhdr Warning: \headheight is too small (10.0pt): 
(fancyhdr)                Make it at least 31.86446pt, for example:
(fancyhdr)                \setlength{\headheight}{31.86446pt}.
(fancyhdr)                You might also make \topmargin smaller:
(fancyhdr)                \addtolength{\topmargin}{-21.86446pt}.

[47]
Underfull \hbox (badness 10000) in paragraph at lines 668--668
[]|\TU/TimesNewRoman(0)/m/n/13 Tạo booking có
 []


Underfull \hbox (badness 10000) in paragraph at lines 668--668
\TU/TimesNewRoman(0)/m/n/13 truyền tham số
 []


Underfull \hbox (badness 10000) in paragraph at lines 668--668
[]|\TU/TimesNewRoman(0)/m/n/13 Booking lập tức
 []


Underfull \hbox (badness 10000) in paragraph at lines 668--668
\TU/lmtt/m/n/13 matched\TU/TimesNewRoman(0)/m/n/13 , gắn tài xế
 []


Underfull \hbox (badness 1424) in paragraph at lines 669--669
[]|\TU/TimesNewRoman(0)/m/n/13 Hủy ghép chuyến
 []


Underfull \hbox (badness 4832) in paragraph at lines 669--669
\TU/TimesNewRoman(0)/m/n/13 nhưng tài xế ưu tiên
 []


Underfull \hbox (badness 10000) in paragraph at lines 669--669
[]|\TU/TimesNewRoman(0)/m/n/13 Tự động hủy
 []


Underfull \hbox (badness 10000) in paragraph at lines 669--669
\TU/TimesNewRoman(0)/m/n/13 (\TU/lmtt/m/n/13 cancelled\TU/TimesNewRoman(0)/m/n/13 ), gỡ
 []


Underfull \hbox (badness 3657) in paragraph at lines 669--669
\TU/lmtt/m/n/13 assignedDriverId \TU/TimesNewRoman(0)/m/n/13 và
 []


Underfull \hbox (badness 10000) in paragraph at lines 670--670
[]|\TU/TimesNewRoman(0)/m/n/13 Tạo booking
 []


Underfull \hbox (badness 10000) in paragraph at lines 670--670
\TU/TimesNewRoman(0)/m/n/13 bình thường, hệ
 []


Underfull \hbox (badness 10000) in paragraph at lines 670--670
\TU/TimesNewRoman(0)/m/n/13 thống không nhận
 []


Underfull \hbox (badness 2173) in paragraph at lines 670--670
\TU/TimesNewRoman(0)/m/n/13 lân cận (Sweep radius
 []


Underfull \hbox (badness 1852) in paragraph at lines 671--671
[]|\TU/TimesNewRoman(0)/m/n/13 Chuyển tiếp cuốc
 []


Overfull \hbox (89.97414pt too wide) in paragraph at lines 665--673
 [][] 
 []


Package fancyhdr Warning: \headheight is too small (10.0pt): 
(fancyhdr)                Make it at least 31.86446pt, for example:
(fancyhdr)                \setlength{\headheight}{31.86446pt}.
(fancyhdr)                You might also make \topmargin smaller:
(fancyhdr)                \addtolength{\topmargin}{-21.86446pt}.

[48])

Package fancyhdr Warning: \headheight is too small (10.0pt): 
(fancyhdr)                Make it at least 31.86446pt, for example:
(fancyhdr)                \setlength{\headheight}{31.86446pt}.
(fancyhdr)                You might also make \topmargin smaller:
(fancyhdr)                \addtolength{\topmargin}{-21.86446pt}.

[49]
Chương 5.
(Chuong/5_Giai_phap_dong_gop.tex
Underfull \vbox (badness 10000) has occurred while \output is active []

 [50

]
Overfull \hbox (36.603pt too wide) in paragraph at lines 30--31
\TU/TimesNewRoman(0)/m/n/13 Redis Geospatial sẽ được sắp xếp giảm dần theo điểm tin cậy (\TU/lmtt/m/n/13 certificationLevel\TU/TimesNewRoman(0)/m/n/13 )
 []


Underfull \vbox (badness 10000) has occurred while \output is active []



Package fancyhdr Warning: \headheight is too small (10.0pt): 
(fancyhdr)                Make it at least 16.2645pt, for example:
(fancyhdr)                \setlength{\headheight}{16.2645pt}.
(fancyhdr)                You might also make \topmargin smaller:
(fancyhdr)                \addtolength{\topmargin}{-6.2645pt}.

[51]
Underfull \vbox (badness 10000) has occurred while \output is active []



Package fancyhdr Warning: \headheight is too small (10.0pt): 
(fancyhdr)                Make it at least 16.2645pt, for example:
(fancyhdr)                \setlength{\headheight}{16.2645pt}.
(fancyhdr)                You might also make \topmargin smaller:
(fancyhdr)                \addtolength{\topmargin}{-6.2645pt}.

[52])

Package fancyhdr Warning: \headheight is too small (10.0pt): 
(fancyhdr)                Make it at least 16.2645pt, for example:
(fancyhdr)                \setlength{\headheight}{16.2645pt}.
(fancyhdr)                You might also make \topmargin smaller:
(fancyhdr)                \addtolength{\topmargin}{-6.2645pt}.

[53]
Chương 6.
(Chuong/6_Ket_luan.tex
Underfull \vbox (badness 10000) has occurred while \output is active []

 [54

])

Package fancyhdr Warning: \headheight is too small (10.0pt): 
(fancyhdr)                Make it at least 16.2645pt, for example:
(fancyhdr)                \setlength{\headheight}{16.2645pt}.
(fancyhdr)                You might also make \topmargin smaller:
(fancyhdr)                \addtolength{\topmargin}{-6.2645pt}.

[55]

Package biblatex Warning: Using fallback definition for \mkbibdatelong.
(biblatex)                The command should be defined in the .lbx file.
(biblatex)                If you see this message, the .lbx file could not be
(biblatex)                loaded, is faulty or does not contain a definition
(biblatex)                for \mkbibdatelong.


Package biblatex Warning: Bibliography string 'url' untranslated
(biblatex)                at entry 'REST_Reference' on input line 323.


Package biblatex Warning: Using fallback definition for \mkbibdatelong.
(biblatex)                The command should be defined in the .lbx file.
(biblatex)                If you see this message, the .lbx file could not be
(biblatex)                loaded, is faulty or does not contain a definition
(biblatex)                for \mkbibdatelong.


Package biblatex Warning: Bibliography string 'url' untranslated
(biblatex)                at entry 'WebSocket_Reference' on input line 323.


Package biblatex Warning: Using fallback definition for \mkbibdatelong.
(biblatex)                The command should be defined in the .lbx file.
(biblatex)                If you see this message, the .lbx file could not be
(biblatex)                loaded, is faulty or does not contain a definition
(biblatex)                for \mkbibdatelong.


Package biblatex Warning: Bibliography string 'url' untranslated
(biblatex)                at entry 'Nodejs_Reference' on input line 323.


Overfull \hbox (2.6758pt too wide) in paragraph at lines 324--324
[]\TU/TimesNewRoman(0)/m/n/13 OpenJS Foundation, \TU/TimesNewRoman(0)/m/it/13 Node.js Documentation\TU/TimesNewRoman(0)/m/n/13 , Truy cập ngày 25-06-2026, 2026.
 []


Package biblatex Warning: Using fallback definition for \mkbibdatelong.
(biblatex)                The command should be defined in the .lbx file.
(biblatex)                If you see this message, the .lbx file could not be
(biblatex)                loaded, is faulty or does not contain a definition
(biblatex)                for \mkbibdatelong.


Package biblatex Warning: Bibliography string 'url' untranslated
(biblatex)                at entry 'MongoDB_Reference' on input line 323.


Package biblatex Warning: Using fallback definition for \mkbibdatelong.
(biblatex)                The command should be defined in the .lbx file.
(biblatex)                If you see this message, the .lbx file could not be
(biblatex)                loaded, is faulty or does not contain a definition
(biblatex)                for \mkbibdatelong.


Package biblatex Warning: Bibliography string 'url' untranslated
(biblatex)                at entry 'SocketIO_Reference' on input line 323.


Package biblatex Warning: Using fallback definition for \mkbibdatelong.
(biblatex)                The command should be defined in the .lbx file.
(biblatex)                If you see this message, the .lbx file could not be
(biblatex)                loaded, is faulty or does not contain a definition
(biblatex)                for \mkbibdatelong.


Package biblatex Warning: Bibliography string 'url' untranslated
(biblatex)                at entry 'React_Reference' on input line 323.


Package biblatex Warning: Using fallback definition for \mkbibdatelong.
(biblatex)                The command should be defined in the .lbx file.
(biblatex)                If you see this message, the .lbx file could not be
(biblatex)                loaded, is faulty or does not contain a definition
(biblatex)                for \mkbibdatelong.


Package biblatex Warning: Bibliography string 'url' untranslated
(biblatex)                at entry 'Vite_Reference' on input line 323.


Package biblatex Warning: Using fallback definition for \mkbibdatelong.
(biblatex)                The command should be defined in the .lbx file.
(biblatex)                If you see this message, the .lbx file could not be
(biblatex)                loaded, is faulty or does not contain a definition
(biblatex)                for \mkbibdatelong.


Package biblatex Warning: Bibliography string 'url' untranslated
(biblatex)                at entry 'Zustand_Reference' on input line 323.


Overfull \hbox (9.99371pt too wide) in paragraph at lines 324--324
[]\TU/TimesNewRoman(0)/m/n/13 Zustand, \TU/TimesNewRoman(0)/m/it/13 Zustand Documentation\TU/TimesNewRoman(0)/m/n/13 , Truy cập ngày 25-06-2026, 2026. []: []$[][][][][] []
 []


Package biblatex Warning: Using fallback definition for \mkbibdatelong.
(biblatex)                The command should be defined in the .lbx file.
(biblatex)                If you see this message, the .lbx file could not be
(biblatex)                loaded, is faulty or does not contain a definition
(biblatex)                for \mkbibdatelong.


Package biblatex Warning: Bibliography string 'url' untranslated
(biblatex)                at entry 'Leaflet_Reference' on input line 323.


Package glossaries Warning: No \printnoidxglossary or \printnoidxglossaries
 found. (Remove \makenoidxglossaries if you don't want any glossaries.)
This document will not have a glossary.

[56

] (DoAn.aux)
 ***********
LaTeX2e <2025-11-01>
L3 programming layer <2025-12-24>
 ***********


LaTeX Font Warning: Size substitutions with differences
(Font)              up to 1.0pt have occurred.


LaTeX Font Warning: Some font shapes were not available, defaults substituted.


LaTeX Warning: There were undefined references.

Package rerunfilecheck Info: File `DoAn.out' has not changed.
(rerunfilecheck)             Checksum: E03DF83E22E19884E5A83A07E08864C2;17873.

Package biblatex Warning: Please (re)run BibTeX on the file(s):
(biblatex)                DoAn
(biblatex)                and rerun LaTeX afterwards.

Package logreq Info: Writing requests to 'DoAn.run.xml'.
\openout1 = `DoAn.run.xml'.

 ) 
Here is how much of TeX's memory you used:
 34222 strings out of 402986
 690487 string characters out of 5448503
 1467884 words of memory out of 5000000
 62465 multiletter control sequences out of 15000+600000
 633262 words of font info for 89 fonts, out of 8000000 for 9000
 1348 hyphenation exceptions out of 8191
 108i,12n,107p,2565b,5067s stack positions out of 10000i,1000n,20000p,200000b,200000s

Output written on DoAn.xdv (69 pages, 1134404 bytes).
